---------------------------------------
Begin Slurm Prolog: Apr-17-2026 01:33:54
Job ID:    4907821
User ID:   rsiddique32
Account:   ece
Job name:  GAT_1
Partition: coe-gpu
QOS:       coe-ice
---------------------------------------
TF version: 2.16.1
Num GPUs Available:  0
TensorFlow is still on the CPU. Check CUDA/cuDNN installation.
Update 0/100000 | Loss: -0.0331 | Avg Turns/Game: nan | Avg Reward: nan | Re-hits: 0
Update 100/100000 | Loss: -0.0269 | Avg Turns/Game: 97.2 | Avg Reward: -815.59 | Re-hits: 0
Update 200/100000 | Loss: -0.0480 | Avg Turns/Game: 98.3 | Avg Reward: -824.80 | Re-hits: 0
Update 300/100000 | Loss: -0.0260 | Avg Turns/Game: 99.6 | Avg Reward: -845.24 | Re-hits: 0
Update 400/100000 | Loss: -0.0377 | Avg Turns/Game: 96.1 | Avg Reward: -795.97 | Re-hits: 0
Update 500/100000 | Loss: -0.1453 | Avg Turns/Game: 97.9 | Avg Reward: -817.63 | Re-hits: 0
Update 600/100000 | Loss: -0.1207 | Avg Turns/Game: 98.5 | Avg Reward: -815.16 | Re-hits: 0
Update 700/100000 | Loss: -0.3157 | Avg Turns/Game: 98.2 | Avg Reward: -803.98 | Re-hits: 0
Update 800/100000 | Loss: -0.3891 | Avg Turns/Game: 98.8 | Avg Reward: -797.97 | Re-hits: 0
Update 900/100000 | Loss: -0.1032 | Avg Turns/Game: 96.3 | Avg Reward: -756.41 | Re-hits: 0
Update 1000/100000 | Loss: -0.2124 | Avg Turns/Game: 96.3 | Avg Reward: -734.45 | Re-hits: 0
Update 1100/100000 | Loss: 0.0276 | Avg Turns/Game: 92.0 | Avg Reward: -686.96 | Re-hits: 0
Update 1200/100000 | Loss: -0.4468 | Avg Turns/Game: 97.8 | Avg Reward: -768.78 | Re-hits: 0
Update 1300/100000 | Loss: -0.4377 | Avg Turns/Game: 97.8 | Avg Reward: -749.90 | Re-hits: 0
Update 1400/100000 | Loss: -0.2106 | Avg Turns/Game: 94.3 | Avg Reward: -694.22 | Re-hits: 0
Update 1500/100000 | Loss: -0.3826 | Avg Turns/Game: 92.6 | Avg Reward: -657.22 | Re-hits: 0
Update 1600/100000 | Loss: -0.3925 | Avg Turns/Game: 87.6 | Avg Reward: -580.99 | Re-hits: 0
Update 1700/100000 | Loss: -0.2405 | Avg Turns/Game: 87.5 | Avg Reward: -583.39 | Re-hits: 0
Update 1800/100000 | Loss: -0.4699 | Avg Turns/Game: 85.4 | Avg Reward: -533.43 | Re-hits: 0
Update 1900/100000 | Loss: -0.3143 | Avg Turns/Game: 83.5 | Avg Reward: -509.54 | Re-hits: 0
Update 2000/100000 | Loss: -0.8889 | Avg Turns/Game: 81.3 | Avg Reward: -461.42 | Re-hits: 0
Update 2100/100000 | Loss: -0.2970 | Avg Turns/Game: 75.1 | Avg Reward: -393.21 | Re-hits: 0
Update 2200/100000 | Loss: -0.4769 | Avg Turns/Game: 74.2 | Avg Reward: -359.84 | Re-hits: 0
Update 2300/100000 | Loss: -0.1735 | Avg Turns/Game: 74.8 | Avg Reward: -365.77 | Re-hits: 0
Update 2400/100000 | Loss: -0.5557 | Avg Turns/Game: 71.8 | Avg Reward: -328.95 | Re-hits: 0
Update 2500/100000 | Loss: -0.5927 | Avg Turns/Game: 77.1 | Avg Reward: -406.24 | Re-hits: 0
Update 2600/100000 | Loss: -0.4577 | Avg Turns/Game: 67.5 | Avg Reward: -271.52 | Re-hits: 0
Update 2700/100000 | Loss: -0.2889 | Avg Turns/Game: 68.4 | Avg Reward: -286.38 | Re-hits: 0
Update 2800/100000 | Loss: -0.0937 | Avg Turns/Game: 65.9 | Avg Reward: -254.21 | Re-hits: 0
Update 2900/100000 | Loss: -0.6077 | Avg Turns/Game: 71.0 | Avg Reward: -318.55 | Re-hits: 0
Update 3000/100000 | Loss: -0.2156 | Avg Turns/Game: 64.1 | Avg Reward: -235.39 | Re-hits: 0
Update 3100/100000 | Loss: -0.5281 | Avg Turns/Game: 64.3 | Avg Reward: -225.85 | Re-hits: 0
Update 3200/100000 | Loss: -0.2100 | Avg Turns/Game: 64.8 | Avg Reward: -234.79 | Re-hits: 0
Update 3300/100000 | Loss: -0.1593 | Avg Turns/Game: 63.1 | Avg Reward: -207.80 | Re-hits: 0
Update 3400/100000 | Loss: 0.3606 | Avg Turns/Game: 67.7 | Avg Reward: -287.41 | Re-hits: 0
Update 3500/100000 | Loss: -0.4664 | Avg Turns/Game: 66.4 | Avg Reward: -246.76 | Re-hits: 0
Update 3600/100000 | Loss: 0.0076 | Avg Turns/Game: 62.9 | Avg Reward: -203.52 | Re-hits: 0
Update 3700/100000 | Loss: -0.3889 | Avg Turns/Game: 62.1 | Avg Reward: -189.98 | Re-hits: 0
Update 3800/100000 | Loss: 0.0952 | Avg Turns/Game: 61.7 | Avg Reward: -192.20 | Re-hits: 0
Update 3900/100000 | Loss: -0.5785 | Avg Turns/Game: 62.1 | Avg Reward: -192.32 | Re-hits: 0
Update 4000/100000 | Loss: -0.1446 | Avg Turns/Game: 60.2 | Avg Reward: -179.10 | Re-hits: 0
Update 4100/100000 | Loss: -0.2558 | Avg Turns/Game: 62.2 | Avg Reward: -193.79 | Re-hits: 0
Update 4200/100000 | Loss: -0.5740 | Avg Turns/Game: 59.2 | Avg Reward: -167.95 | Re-hits: 0
Update 4300/100000 | Loss: -0.1570 | Avg Turns/Game: 59.3 | Avg Reward: -166.32 | Re-hits: 0
Update 4400/100000 | Loss: -0.3965 | Avg Turns/Game: 58.3 | Avg Reward: -159.04 | Re-hits: 0
Update 4500/100000 | Loss: -0.2366 | Avg Turns/Game: 58.0 | Avg Reward: -158.05 | Re-hits: 0
Update 4600/100000 | Loss: -0.0669 | Avg Turns/Game: 62.6 | Avg Reward: -199.34 | Re-hits: 0
Update 4700/100000 | Loss: -0.2246 | Avg Turns/Game: 55.9 | Avg Reward: -138.61 | Re-hits: 0
Update 4800/100000 | Loss: -0.4922 | Avg Turns/Game: 57.2 | Avg Reward: -158.17 | Re-hits: 0
Update 4900/100000 | Loss: -0.5599 | Avg Turns/Game: 57.0 | Avg Reward: -154.58 | Re-hits: 0
Update 5000/100000 | Loss: 0.0599 | Avg Turns/Game: 56.6 | Avg Reward: -152.95 | Re-hits: 0
Update 5100/100000 | Loss: -0.0237 | Avg Turns/Game: 60.5 | Avg Reward: -191.59 | Re-hits: 0
Update 5200/100000 | Loss: -0.1644 | Avg Turns/Game: 56.1 | Avg Reward: -141.64 | Re-hits: 0
Update 5300/100000 | Loss: -0.4719 | Avg Turns/Game: 56.2 | Avg Reward: -150.73 | Re-hits: 0
Update 5400/100000 | Loss: -0.3292 | Avg Turns/Game: 57.4 | Avg Reward: -154.16 | Re-hits: 0
Update 5500/100000 | Loss: -0.0626 | Avg Turns/Game: 55.3 | Avg Reward: -140.91 | Re-hits: 0
Update 5600/100000 | Loss: -0.2849 | Avg Turns/Game: 54.7 | Avg Reward: -133.61 | Re-hits: 0
Update 5700/100000 | Loss: 0.0763 | Avg Turns/Game: 56.5 | Avg Reward: -150.75 | Re-hits: 0
Update 5800/100000 | Loss: -0.3041 | Avg Turns/Game: 54.5 | Avg Reward: -130.08 | Re-hits: 0
Update 5900/100000 | Loss: -0.2834 | Avg Turns/Game: 54.7 | Avg Reward: -134.76 | Re-hits: 0
Update 6000/100000 | Loss: 0.0409 | Avg Turns/Game: 54.2 | Avg Reward: -134.93 | Re-hits: 0
Update 6100/100000 | Loss: -0.4900 | Avg Turns/Game: 53.8 | Avg Reward: -129.65 | Re-hits: 0
Update 6200/100000 | Loss: -0.1297 | Avg Turns/Game: 55.2 | Avg Reward: -134.75 | Re-hits: 0
Update 6300/100000 | Loss: -0.2695 | Avg Turns/Game: 54.1 | Avg Reward: -128.95 | Re-hits: 0
Update 6400/100000 | Loss: -0.4154 | Avg Turns/Game: 54.1 | Avg Reward: -132.20 | Re-hits: 0
Update 6500/100000 | Loss: -0.1761 | Avg Turns/Game: 53.0 | Avg Reward: -123.13 | Re-hits: 0
Update 6600/100000 | Loss: -0.3158 | Avg Turns/Game: 55.5 | Avg Reward: -141.40 | Re-hits: 0
Update 6700/100000 | Loss: -0.5062 | Avg Turns/Game: 52.2 | Avg Reward: -114.07 | Re-hits: 0
Update 6800/100000 | Loss: -0.2959 | Avg Turns/Game: 54.2 | Avg Reward: -135.21 | Re-hits: 0
Update 6900/100000 | Loss: -0.2610 | Avg Turns/Game: 56.9 | Avg Reward: -159.13 | Re-hits: 0
Update 7000/100000 | Loss: -0.1285 | Avg Turns/Game: 52.9 | Avg Reward: -123.49 | Re-hits: 0
Update 7100/100000 | Loss: -0.1396 | Avg Turns/Game: 53.1 | Avg Reward: -127.58 | Re-hits: 0
Update 7200/100000 | Loss: -0.1645 | Avg Turns/Game: 54.7 | Avg Reward: -139.53 | Re-hits: 0
Update 7300/100000 | Loss: -0.3481 | Avg Turns/Game: 53.1 | Avg Reward: -121.44 | Re-hits: 0
Update 7400/100000 | Loss: -0.0928 | Avg Turns/Game: 51.7 | Avg Reward: -116.58 | Re-hits: 0
Update 7500/100000 | Loss: -0.2787 | Avg Turns/Game: 52.6 | Avg Reward: -126.97 | Re-hits: 0
Update 7600/100000 | Loss: -0.2356 | Avg Turns/Game: 53.1 | Avg Reward: -116.01 | Re-hits: 0
Update 7700/100000 | Loss: -0.4615 | Avg Turns/Game: 51.7 | Avg Reward: -117.15 | Re-hits: 0
Update 7800/100000 | Loss: -0.2415 | Avg Turns/Game: 50.2 | Avg Reward: -106.72 | Re-hits: 0
Update 7900/100000 | Loss: -0.3554 | Avg Turns/Game: 49.7 | Avg Reward: -111.57 | Re-hits: 0
Update 8000/100000 | Loss: -0.1689 | Avg Turns/Game: 49.1 | Avg Reward: -93.68 | Re-hits: 0
Update 8100/100000 | Loss: -0.1315 | Avg Turns/Game: 49.2 | Avg Reward: -100.01 | Re-hits: 0
Update 8200/100000 | Loss: -0.2081 | Avg Turns/Game: 50.8 | Avg Reward: -109.89 | Re-hits: 0
Update 8300/100000 | Loss: -0.3009 | Avg Turns/Game: 50.8 | Avg Reward: -113.18 | Re-hits: 0
Update 8400/100000 | Loss: -0.2095 | Avg Turns/Game: 49.3 | Avg Reward: -95.34 | Re-hits: 0
Update 8500/100000 | Loss: -0.7299 | Avg Turns/Game: 48.8 | Avg Reward: -96.14 | Re-hits: 0
Update 8600/100000 | Loss: -0.1099 | Avg Turns/Game: 51.5 | Avg Reward: -105.68 | Re-hits: 0
Update 8700/100000 | Loss: 0.0802 | Avg Turns/Game: 49.2 | Avg Reward: -103.07 | Re-hits: 0
Update 8800/100000 | Loss: 0.0288 | Avg Turns/Game: 49.8 | Avg Reward: -100.68 | Re-hits: 0
Update 8900/100000 | Loss: -0.1030 | Avg Turns/Game: 47.2 | Avg Reward: -88.31 | Re-hits: 0
Update 9000/100000 | Loss: -0.0459 | Avg Turns/Game: 47.6 | Avg Reward: -93.11 | Re-hits: 0
Update 9100/100000 | Loss: 0.0064 | Avg Turns/Game: 48.1 | Avg Reward: -93.94 | Re-hits: 0
Update 9200/100000 | Loss: -0.0007 | Avg Turns/Game: 47.5 | Avg Reward: -91.73 | Re-hits: 0
Update 9300/100000 | Loss: -0.3990 | Avg Turns/Game: 48.7 | Avg Reward: -94.41 | Re-hits: 0
Update 9400/100000 | Loss: -0.6166 | Avg Turns/Game: 49.0 | Avg Reward: -105.52 | Re-hits: 0
Update 9500/100000 | Loss: -0.2338 | Avg Turns/Game: 46.3 | Avg Reward: -82.07 | Re-hits: 0
Update 9600/100000 | Loss: -0.1684 | Avg Turns/Game: 46.3 | Avg Reward: -83.51 | Re-hits: 0
Update 9700/100000 | Loss: -0.1100 | Avg Turns/Game: 46.0 | Avg Reward: -85.17 | Re-hits: 0
Update 9800/100000 | Loss: -0.3597 | Avg Turns/Game: 46.5 | Avg Reward: -80.92 | Re-hits: 0
Update 9900/100000 | Loss: -0.4326 | Avg Turns/Game: 48.1 | Avg Reward: -92.64 | Re-hits: 0
Update 10000/100000 | Loss: -0.0020 | Avg Turns/Game: 46.8 | Avg Reward: -87.59 | Re-hits: 0
Update 10100/100000 | Loss: -0.4413 | Avg Turns/Game: 46.5 | Avg Reward: -83.25 | Re-hits: 0
Update 10200/100000 | Loss: -0.1330 | Avg Turns/Game: 47.1 | Avg Reward: -80.37 | Re-hits: 0
Update 10300/100000 | Loss: 0.0548 | Avg Turns/Game: 46.8 | Avg Reward: -92.24 | Re-hits: 0
Update 10400/100000 | Loss: -0.4627 | Avg Turns/Game: 47.1 | Avg Reward: -89.01 | Re-hits: 0
Update 10500/100000 | Loss: -0.1098 | Avg Turns/Game: 46.3 | Avg Reward: -86.53 | Re-hits: 0
Update 10600/100000 | Loss: -0.1597 | Avg Turns/Game: 46.3 | Avg Reward: -73.29 | Re-hits: 0
Update 10700/100000 | Loss: -0.1661 | Avg Turns/Game: 44.8 | Avg Reward: -74.10 | Re-hits: 0
Update 10800/100000 | Loss: -0.2973 | Avg Turns/Game: 47.8 | Avg Reward: -97.13 | Re-hits: 0
Update 10900/100000 | Loss: -0.3266 | Avg Turns/Game: 47.7 | Avg Reward: -90.75 | Re-hits: 0
Update 11000/100000 | Loss: -0.1450 | Avg Turns/Game: 45.1 | Avg Reward: -76.18 | Re-hits: 0
Update 11100/100000 | Loss: -0.4458 | Avg Turns/Game: 46.0 | Avg Reward: -80.56 | Re-hits: 0
Update 11200/100000 | Loss: -0.0673 | Avg Turns/Game: 47.9 | Avg Reward: -87.55 | Re-hits: 0
Update 11300/100000 | Loss: 0.0425 | Avg Turns/Game: 47.1 | Avg Reward: -90.36 | Re-hits: 0
Update 11400/100000 | Loss: -0.3285 | Avg Turns/Game: 44.6 | Avg Reward: -74.98 | Re-hits: 0
Update 11500/100000 | Loss: -0.0748 | Avg Turns/Game: 44.9 | Avg Reward: -73.91 | Re-hits: 0
Update 11600/100000 | Loss: -0.2020 | Avg Turns/Game: 45.1 | Avg Reward: -77.15 | Re-hits: 0
Update 11700/100000 | Loss: -0.5987 | Avg Turns/Game: 45.1 | Avg Reward: -80.83 | Re-hits: 0
Update 11800/100000 | Loss: 0.0043 | Avg Turns/Game: 46.5 | Avg Reward: -80.60 | Re-hits: 0
Update 11900/100000 | Loss: -0.4401 | Avg Turns/Game: 45.3 | Avg Reward: -78.43 | Re-hits: 0
Update 12000/100000 | Loss: -0.0310 | Avg Turns/Game: 45.0 | Avg Reward: -77.06 | Re-hits: 0
Update 12100/100000 | Loss: -0.1829 | Avg Turns/Game: 44.9 | Avg Reward: -78.66 | Re-hits: 0
Update 12200/100000 | Loss: -0.6864 | Avg Turns/Game: 46.0 | Avg Reward: -82.19 | Re-hits: 0
Update 12300/100000 | Loss: -0.1211 | Avg Turns/Game: 46.1 | Avg Reward: -79.12 | Re-hits: 0
Update 12400/100000 | Loss: -0.4315 | Avg Turns/Game: 45.5 | Avg Reward: -77.73 | Re-hits: 0
Update 12500/100000 | Loss: -0.0582 | Avg Turns/Game: 45.1 | Avg Reward: -75.15 | Re-hits: 0
Update 12600/100000 | Loss: 0.1123 | Avg Turns/Game: 46.4 | Avg Reward: -89.94 | Re-hits: 0
Update 12700/100000 | Loss: -0.1634 | Avg Turns/Game: 46.4 | Avg Reward: -82.98 | Re-hits: 0
Update 12800/100000 | Loss: -0.0789 | Avg Turns/Game: 47.1 | Avg Reward: -87.67 | Re-hits: 0
Update 12900/100000 | Loss: -0.3473 | Avg Turns/Game: 44.8 | Avg Reward: -74.38 | Re-hits: 0
Update 13000/100000 | Loss: -0.2040 | Avg Turns/Game: 45.2 | Avg Reward: -80.90 | Re-hits: 0
Update 13100/100000 | Loss: -0.4342 | Avg Turns/Game: 46.7 | Avg Reward: -79.64 | Re-hits: 0
Update 13200/100000 | Loss: 0.0221 | Avg Turns/Game: 46.5 | Avg Reward: -79.09 | Re-hits: 0
Update 13300/100000 | Loss: 0.1143 | Avg Turns/Game: 45.2 | Avg Reward: -74.83 | Re-hits: 0
Update 13400/100000 | Loss: -0.3404 | Avg Turns/Game: 44.6 | Avg Reward: -72.60 | Re-hits: 0
Update 13500/100000 | Loss: -0.0832 | Avg Turns/Game: 45.4 | Avg Reward: -71.62 | Re-hits: 0
Update 13600/100000 | Loss: -0.3180 | Avg Turns/Game: 45.7 | Avg Reward: -77.06 | Re-hits: 0
Update 13700/100000 | Loss: -0.1197 | Avg Turns/Game: 45.6 | Avg Reward: -81.09 | Re-hits: 0
Update 13800/100000 | Loss: 0.0044 | Avg Turns/Game: 43.4 | Avg Reward: -64.03 | Re-hits: 0
Update 13900/100000 | Loss: 0.1785 | Avg Turns/Game: 45.9 | Avg Reward: -76.34 | Re-hits: 0
Update 14000/100000 | Loss: -0.1522 | Avg Turns/Game: 45.1 | Avg Reward: -74.04 | Re-hits: 0
Update 14100/100000 | Loss: -0.2950 | Avg Turns/Game: 46.5 | Avg Reward: -85.93 | Re-hits: 0
Update 14200/100000 | Loss: -0.5308 | Avg Turns/Game: 41.6 | Avg Reward: -52.40 | Re-hits: 0
Update 14300/100000 | Loss: -0.2419 | Avg Turns/Game: 44.4 | Avg Reward: -70.29 | Re-hits: 0
Update 14400/100000 | Loss: 0.0363 | Avg Turns/Game: 45.2 | Avg Reward: -72.75 | Re-hits: 0
Update 14500/100000 | Loss: -0.0372 | Avg Turns/Game: 44.8 | Avg Reward: -74.42 | Re-hits: 0
Update 14600/100000 | Loss: -0.4626 | Avg Turns/Game: 46.2 | Avg Reward: -79.54 | Re-hits: 0
Update 14700/100000 | Loss: -0.0840 | Avg Turns/Game: 42.5 | Avg Reward: -60.14 | Re-hits: 0
Update 14800/100000 | Loss: -0.1495 | Avg Turns/Game: 45.9 | Avg Reward: -78.59 | Re-hits: 0
Update 14900/100000 | Loss: -0.0971 | Avg Turns/Game: 45.7 | Avg Reward: -78.37 | Re-hits: 0
Update 15000/100000 | Loss: -0.2070 | Avg Turns/Game: 45.7 | Avg Reward: -79.19 | Re-hits: 0
Update 15100/100000 | Loss: -0.4673 | Avg Turns/Game: 43.7 | Avg Reward: -65.63 | Re-hits: 0
Update 15200/100000 | Loss: -0.0788 | Avg Turns/Game: 45.4 | Avg Reward: -76.65 | Re-hits: 0
Update 15300/100000 | Loss: -0.3347 | Avg Turns/Game: 45.8 | Avg Reward: -78.07 | Re-hits: 0
Update 15400/100000 | Loss: 0.0347 | Avg Turns/Game: 44.1 | Avg Reward: -70.38 | Re-hits: 0
Update 15500/100000 | Loss: -0.0010 | Avg Turns/Game: 45.5 | Avg Reward: -77.06 | Re-hits: 0
Update 15600/100000 | Loss: -0.2968 | Avg Turns/Game: 45.1 | Avg Reward: -74.84 | Re-hits: 0
Update 15700/100000 | Loss: -0.2637 | Avg Turns/Game: 44.2 | Avg Reward: -70.20 | Re-hits: 0
Update 15800/100000 | Loss: 0.0619 | Avg Turns/Game: 46.6 | Avg Reward: -81.28 | Re-hits: 0
Update 15900/100000 | Loss: -0.0972 | Avg Turns/Game: 43.9 | Avg Reward: -68.07 | Re-hits: 0
Update 16000/100000 | Loss: -0.1584 | Avg Turns/Game: 44.6 | Avg Reward: -78.74 | Re-hits: 0
Update 16100/100000 | Loss: -0.2620 | Avg Turns/Game: 42.3 | Avg Reward: -57.62 | Re-hits: 0
Update 16200/100000 | Loss: -0.0602 | Avg Turns/Game: 43.5 | Avg Reward: -62.92 | Re-hits: 0
Update 16300/100000 | Loss: -0.1512 | Avg Turns/Game: 44.6 | Avg Reward: -68.32 | Re-hits: 0
Update 16400/100000 | Loss: -0.2549 | Avg Turns/Game: 45.4 | Avg Reward: -79.86 | Re-hits: 0
Update 16500/100000 | Loss: -0.4150 | Avg Turns/Game: 42.5 | Avg Reward: -58.23 | Re-hits: 0
Update 16600/100000 | Loss: -0.1753 | Avg Turns/Game: 45.7 | Avg Reward: -74.76 | Re-hits: 0
Update 16700/100000 | Loss: -0.0967 | Avg Turns/Game: 44.0 | Avg Reward: -69.40 | Re-hits: 0
Update 16800/100000 | Loss: -0.1871 | Avg Turns/Game: 45.2 | Avg Reward: -77.03 | Re-hits: 0
Update 16900/100000 | Loss: -0.0462 | Avg Turns/Game: 44.7 | Avg Reward: -74.52 | Re-hits: 0
Update 17000/100000 | Loss: -0.1763 | Avg Turns/Game: 43.8 | Avg Reward: -68.67 | Re-hits: 0
Update 17100/100000 | Loss: -0.5792 | Avg Turns/Game: 45.2 | Avg Reward: -71.44 | Re-hits: 0
Update 17200/100000 | Loss: 0.0855 | Avg Turns/Game: 47.2 | Avg Reward: -84.82 | Re-hits: 0
Update 17300/100000 | Loss: -0.3094 | Avg Turns/Game: 44.4 | Avg Reward: -70.72 | Re-hits: 0
Update 17400/100000 | Loss: -0.2528 | Avg Turns/Game: 43.6 | Avg Reward: -64.59 | Re-hits: 0
Update 17500/100000 | Loss: -0.1985 | Avg Turns/Game: 43.4 | Avg Reward: -62.52 | Re-hits: 0
Update 17600/100000 | Loss: -0.1087 | Avg Turns/Game: 44.4 | Avg Reward: -68.97 | Re-hits: 0
Update 17700/100000 | Loss: -0.2170 | Avg Turns/Game: 44.3 | Avg Reward: -71.93 | Re-hits: 0
Update 17800/100000 | Loss: -0.4531 | Avg Turns/Game: 43.9 | Avg Reward: -69.12 | Re-hits: 0
Update 17900/100000 | Loss: -0.1561 | Avg Turns/Game: 45.0 | Avg Reward: -76.61 | Re-hits: 0
Update 18000/100000 | Loss: -0.3624 | Avg Turns/Game: 43.6 | Avg Reward: -65.43 | Re-hits: 0
Update 18100/100000 | Loss: -0.3540 | Avg Turns/Game: 43.6 | Avg Reward: -64.62 | Re-hits: 0
Update 18200/100000 | Loss: -0.0291 | Avg Turns/Game: 43.6 | Avg Reward: -64.78 | Re-hits: 0
Update 18300/100000 | Loss: -0.1458 | Avg Turns/Game: 42.6 | Avg Reward: -58.17 | Re-hits: 0
Update 18400/100000 | Loss: -0.1774 | Avg Turns/Game: 44.0 | Avg Reward: -65.05 | Re-hits: 0
Update 18500/100000 | Loss: -0.4661 | Avg Turns/Game: 45.6 | Avg Reward: -80.48 | Re-hits: 0
Update 18600/100000 | Loss: -0.1871 | Avg Turns/Game: 44.6 | Avg Reward: -74.73 | Re-hits: 0
Update 18700/100000 | Loss: -0.1995 | Avg Turns/Game: 42.3 | Avg Reward: -57.89 | Re-hits: 0
Update 18800/100000 | Loss: -0.3267 | Avg Turns/Game: 44.5 | Avg Reward: -68.44 | Re-hits: 0
Update 18900/100000 | Loss: -0.1409 | Avg Turns/Game: 45.1 | Avg Reward: -69.40 | Re-hits: 0
Update 19000/100000 | Loss: -0.0719 | Avg Turns/Game: 42.9 | Avg Reward: -63.74 | Re-hits: 0
Update 19100/100000 | Loss: -0.1701 | Avg Turns/Game: 43.7 | Avg Reward: -69.59 | Re-hits: 0
Update 19200/100000 | Loss: -0.2420 | Avg Turns/Game: 43.4 | Avg Reward: -61.88 | Re-hits: 0
Update 19300/100000 | Loss: -0.2095 | Avg Turns/Game: 44.4 | Avg Reward: -66.44 | Re-hits: 0
Update 19400/100000 | Loss: -0.0323 | Avg Turns/Game: 43.3 | Avg Reward: -67.97 | Re-hits: 0
Update 19500/100000 | Loss: -0.3177 | Avg Turns/Game: 43.2 | Avg Reward: -64.33 | Re-hits: 0
Update 19600/100000 | Loss: -0.1711 | Avg Turns/Game: 45.1 | Avg Reward: -76.39 | Re-hits: 0
Update 19700/100000 | Loss: -0.0001 | Avg Turns/Game: 45.4 | Avg Reward: -72.70 | Re-hits: 0
Update 19800/100000 | Loss: -0.2247 | Avg Turns/Game: 43.7 | Avg Reward: -62.73 | Re-hits: 0
Update 19900/100000 | Loss: -0.3322 | Avg Turns/Game: 42.5 | Avg Reward: -58.33 | Re-hits: 0
Update 20000/100000 | Loss: -0.2192 | Avg Turns/Game: 43.6 | Avg Reward: -63.18 | Re-hits: 0
Update 20100/100000 | Loss: -0.2471 | Avg Turns/Game: 43.9 | Avg Reward: -65.27 | Re-hits: 0
Update 20200/100000 | Loss: 0.0069 | Avg Turns/Game: 44.2 | Avg Reward: -67.32 | Re-hits: 0
Update 20300/100000 | Loss: -0.0686 | Avg Turns/Game: 44.4 | Avg Reward: -65.97 | Re-hits: 0
Update 20400/100000 | Loss: -0.1374 | Avg Turns/Game: 45.0 | Avg Reward: -70.54 | Re-hits: 0
Update 20500/100000 | Loss: -0.1404 | Avg Turns/Game: 42.4 | Avg Reward: -63.03 | Re-hits: 0
Update 20600/100000 | Loss: -0.0301 | Avg Turns/Game: 43.6 | Avg Reward: -62.97 | Re-hits: 0
Update 20700/100000 | Loss: -0.2534 | Avg Turns/Game: 43.0 | Avg Reward: -56.96 | Re-hits: 0
Update 20800/100000 | Loss: -0.3012 | Avg Turns/Game: 44.0 | Avg Reward: -66.77 | Re-hits: 0
Update 20900/100000 | Loss: -0.0873 | Avg Turns/Game: 44.3 | Avg Reward: -65.69 | Re-hits: 0
Update 21000/100000 | Loss: -0.0217 | Avg Turns/Game: 43.8 | Avg Reward: -64.73 | Re-hits: 0
Update 21100/100000 | Loss: -0.0480 | Avg Turns/Game: 42.1 | Avg Reward: -57.29 | Re-hits: 0
Update 21200/100000 | Loss: 0.0919 | Avg Turns/Game: 44.9 | Avg Reward: -76.60 | Re-hits: 0
Update 21300/100000 | Loss: -0.1564 | Avg Turns/Game: 42.3 | Avg Reward: -59.41 | Re-hits: 0
Update 21400/100000 | Loss: -0.2563 | Avg Turns/Game: 45.4 | Avg Reward: -73.64 | Re-hits: 0
Update 21500/100000 | Loss: -0.3670 | Avg Turns/Game: 42.6 | Avg Reward: -60.65 | Re-hits: 0
Update 21600/100000 | Loss: -0.0182 | Avg Turns/Game: 44.2 | Avg Reward: -71.53 | Re-hits: 0
Update 21700/100000 | Loss: -0.0713 | Avg Turns/Game: 43.7 | Avg Reward: -60.82 | Re-hits: 0
Update 21800/100000 | Loss: 0.3347 | Avg Turns/Game: 42.1 | Avg Reward: -57.50 | Re-hits: 0
Update 21900/100000 | Loss: -0.2407 | Avg Turns/Game: 43.5 | Avg Reward: -66.52 | Re-hits: 0
Update 22000/100000 | Loss: -0.0995 | Avg Turns/Game: 42.9 | Avg Reward: -60.42 | Re-hits: 0
Update 22100/100000 | Loss: -0.0753 | Avg Turns/Game: 43.2 | Avg Reward: -64.88 | Re-hits: 0
Update 22200/100000 | Loss: -0.1100 | Avg Turns/Game: 44.6 | Avg Reward: -70.51 | Re-hits: 0
Update 22300/100000 | Loss: -0.1884 | Avg Turns/Game: 42.5 | Avg Reward: -61.14 | Re-hits: 0
Update 22400/100000 | Loss: -0.1238 | Avg Turns/Game: 44.0 | Avg Reward: -71.67 | Re-hits: 0
Update 22500/100000 | Loss: -0.1871 | Avg Turns/Game: 44.6 | Avg Reward: -86.06 | Re-hits: 0
Update 22600/100000 | Loss: -0.2037 | Avg Turns/Game: 43.3 | Avg Reward: -60.32 | Re-hits: 0
Update 22700/100000 | Loss: -0.1859 | Avg Turns/Game: 44.4 | Avg Reward: -70.55 | Re-hits: 0
Update 22800/100000 | Loss: 0.0359 | Avg Turns/Game: 43.6 | Avg Reward: -64.42 | Re-hits: 0
Update 22900/100000 | Loss: -0.2056 | Avg Turns/Game: 44.2 | Avg Reward: -67.63 | Re-hits: 0
Update 23000/100000 | Loss: -0.1237 | Avg Turns/Game: 43.8 | Avg Reward: -66.04 | Re-hits: 0
Update 23100/100000 | Loss: -0.2621 | Avg Turns/Game: 43.6 | Avg Reward: -67.04 | Re-hits: 0
Update 23200/100000 | Loss: -0.1123 | Avg Turns/Game: 43.9 | Avg Reward: -64.73 | Re-hits: 0
Update 23300/100000 | Loss: -0.0846 | Avg Turns/Game: 43.8 | Avg Reward: -64.72 | Re-hits: 0
Update 23400/100000 | Loss: -0.1590 | Avg Turns/Game: 43.0 | Avg Reward: -67.44 | Re-hits: 0
Update 23500/100000 | Loss: -0.0645 | Avg Turns/Game: 43.2 | Avg Reward: -65.39 | Re-hits: 0
Update 23600/100000 | Loss: 0.0394 | Avg Turns/Game: 43.8 | Avg Reward: -61.54 | Re-hits: 0
Update 23700/100000 | Loss: -0.2773 | Avg Turns/Game: 44.2 | Avg Reward: -66.91 | Re-hits: 0
Update 23800/100000 | Loss: -0.2320 | Avg Turns/Game: 42.0 | Avg Reward: -56.40 | Re-hits: 0
Update 23900/100000 | Loss: -0.0886 | Avg Turns/Game: 43.4 | Avg Reward: -60.36 | Re-hits: 0
Update 24000/100000 | Loss: -0.1836 | Avg Turns/Game: 43.7 | Avg Reward: -66.09 | Re-hits: 0
Update 24100/100000 | Loss: -0.2973 | Avg Turns/Game: 43.2 | Avg Reward: -59.90 | Re-hits: 0
Update 24200/100000 | Loss: -0.2936 | Avg Turns/Game: 47.0 | Avg Reward: -79.32 | Re-hits: 0
Update 24300/100000 | Loss: -0.0083 | Avg Turns/Game: 43.2 | Avg Reward: -66.78 | Re-hits: 0
Update 24400/100000 | Loss: -0.0390 | Avg Turns/Game: 43.6 | Avg Reward: -70.51 | Re-hits: 0
Update 24500/100000 | Loss: -0.1337 | Avg Turns/Game: 43.1 | Avg Reward: -62.14 | Re-hits: 0
Update 24600/100000 | Loss: -0.3835 | Avg Turns/Game: 42.2 | Avg Reward: -55.62 | Re-hits: 0
Update 24700/100000 | Loss: -0.1736 | Avg Turns/Game: 43.1 | Avg Reward: -60.26 | Re-hits: 0
Update 24800/100000 | Loss: -0.0954 | Avg Turns/Game: 43.3 | Avg Reward: -59.40 | Re-hits: 0
Update 24900/100000 | Loss: 0.1207 | Avg Turns/Game: 45.3 | Avg Reward: -71.11 | Re-hits: 0
Update 25000/100000 | Loss: -0.2424 | Avg Turns/Game: 42.9 | Avg Reward: -66.53 | Re-hits: 0
Update 25100/100000 | Loss: -0.0450 | Avg Turns/Game: 45.4 | Avg Reward: -75.27 | Re-hits: 0
Update 25200/100000 | Loss: -0.1983 | Avg Turns/Game: 45.6 | Avg Reward: -76.59 | Re-hits: 0
Update 25300/100000 | Loss: -0.2300 | Avg Turns/Game: 42.3 | Avg Reward: -57.08 | Re-hits: 0
Update 25400/100000 | Loss: -0.2557 | Avg Turns/Game: 44.2 | Avg Reward: -66.64 | Re-hits: 0
Update 25500/100000 | Loss: -0.6058 | Avg Turns/Game: 42.8 | Avg Reward: -61.21 | Re-hits: 0
Update 25600/100000 | Loss: -0.0558 | Avg Turns/Game: 42.0 | Avg Reward: -54.55 | Re-hits: 0
Update 25700/100000 | Loss: -0.0447 | Avg Turns/Game: 44.9 | Avg Reward: -71.30 | Re-hits: 0
Update 25800/100000 | Loss: 0.0297 | Avg Turns/Game: 44.6 | Avg Reward: -74.89 | Re-hits: 0
Update 25900/100000 | Loss: -0.1401 | Avg Turns/Game: 44.1 | Avg Reward: -66.57 | Re-hits: 0
Update 26000/100000 | Loss: -0.1413 | Avg Turns/Game: 43.6 | Avg Reward: -61.72 | Re-hits: 0
Update 26100/100000 | Loss: -0.1702 | Avg Turns/Game: 42.0 | Avg Reward: -55.42 | Re-hits: 0
Update 26200/100000 | Loss: -0.1159 | Avg Turns/Game: 44.4 | Avg Reward: -67.17 | Re-hits: 0
Update 26300/100000 | Loss: 0.0462 | Avg Turns/Game: 42.6 | Avg Reward: -61.22 | Re-hits: 0
Update 26400/100000 | Loss: 0.1892 | Avg Turns/Game: 42.9 | Avg Reward: -57.63 | Re-hits: 0
Update 26500/100000 | Loss: -0.0730 | Avg Turns/Game: 43.3 | Avg Reward: -63.10 | Re-hits: 0
Update 26600/100000 | Loss: -0.0946 | Avg Turns/Game: 44.7 | Avg Reward: -67.41 | Re-hits: 0
Update 26700/100000 | Loss: 0.0384 | Avg Turns/Game: 43.1 | Avg Reward: -63.61 | Re-hits: 0
Update 26800/100000 | Loss: -0.0954 | Avg Turns/Game: 42.8 | Avg Reward: -58.85 | Re-hits: 0
Update 26900/100000 | Loss: -0.1336 | Avg Turns/Game: 45.0 | Avg Reward: -69.40 | Re-hits: 0
Update 27000/100000 | Loss: -0.1892 | Avg Turns/Game: 43.7 | Avg Reward: -65.31 | Re-hits: 0
Update 27100/100000 | Loss: -0.0579 | Avg Turns/Game: 43.5 | Avg Reward: -69.09 | Re-hits: 0
Update 27200/100000 | Loss: -0.1699 | Avg Turns/Game: 43.1 | Avg Reward: -58.55 | Re-hits: 0
Update 27300/100000 | Loss: -0.2260 | Avg Turns/Game: 43.8 | Avg Reward: -68.05 | Re-hits: 0
Update 27400/100000 | Loss: 0.0166 | Avg Turns/Game: 41.6 | Avg Reward: -56.38 | Re-hits: 0
Update 27500/100000 | Loss: -0.3072 | Avg Turns/Game: 43.9 | Avg Reward: -68.77 | Re-hits: 0
Update 27600/100000 | Loss: -0.1020 | Avg Turns/Game: 44.3 | Avg Reward: -67.80 | Re-hits: 0
Update 27700/100000 | Loss: -0.0950 | Avg Turns/Game: 43.3 | Avg Reward: -60.18 | Re-hits: 0
Update 27800/100000 | Loss: -0.2289 | Avg Turns/Game: 43.4 | Avg Reward: -64.38 | Re-hits: 0
Update 27900/100000 | Loss: -0.1135 | Avg Turns/Game: 41.5 | Avg Reward: -52.85 | Re-hits: 0
Update 28000/100000 | Loss: -0.1276 | Avg Turns/Game: 44.4 | Avg Reward: -66.11 | Re-hits: 0
Update 28100/100000 | Loss: 0.0504 | Avg Turns/Game: 44.8 | Avg Reward: -72.50 | Re-hits: 0
Update 28200/100000 | Loss: -0.1982 | Avg Turns/Game: 46.1 | Avg Reward: -78.03 | Re-hits: 0
Update 28300/100000 | Loss: -0.0014 | Avg Turns/Game: 43.8 | Avg Reward: -65.62 | Re-hits: 0
Update 28400/100000 | Loss: -0.0786 | Avg Turns/Game: 43.1 | Avg Reward: -67.59 | Re-hits: 0
Update 28500/100000 | Loss: -0.1901 | Avg Turns/Game: 44.4 | Avg Reward: -66.28 | Re-hits: 0
Update 28600/100000 | Loss: -0.1308 | Avg Turns/Game: 43.7 | Avg Reward: -66.43 | Re-hits: 0
Update 28700/100000 | Loss: -0.0805 | Avg Turns/Game: 44.7 | Avg Reward: -67.81 | Re-hits: 0
Update 28800/100000 | Loss: -0.1823 | Avg Turns/Game: 43.2 | Avg Reward: -64.24 | Re-hits: 0
Update 28900/100000 | Loss: -0.1073 | Avg Turns/Game: 42.7 | Avg Reward: -60.32 | Re-hits: 0
Update 29000/100000 | Loss: -0.3366 | Avg Turns/Game: 43.3 | Avg Reward: -63.62 | Re-hits: 0
Update 29100/100000 | Loss: 0.1831 | Avg Turns/Game: 43.1 | Avg Reward: -62.37 | Re-hits: 0
Update 29200/100000 | Loss: -0.0906 | Avg Turns/Game: 41.4 | Avg Reward: -52.19 | Re-hits: 0
Update 29300/100000 | Loss: -0.0986 | Avg Turns/Game: 42.4 | Avg Reward: -56.24 | Re-hits: 0
Update 29400/100000 | Loss: -0.1766 | Avg Turns/Game: 43.5 | Avg Reward: -66.16 | Re-hits: 0
Update 29500/100000 | Loss: 0.0297 | Avg Turns/Game: 44.4 | Avg Reward: -66.51 | Re-hits: 0
Update 29600/100000 | Loss: -0.0981 | Avg Turns/Game: 44.9 | Avg Reward: -76.46 | Re-hits: 0
Update 29700/100000 | Loss: -0.1676 | Avg Turns/Game: 42.8 | Avg Reward: -60.14 | Re-hits: 0
Update 29800/100000 | Loss: -0.2552 | Avg Turns/Game: 44.2 | Avg Reward: -68.59 | Re-hits: 0
Update 29900/100000 | Loss: -0.0990 | Avg Turns/Game: 42.7 | Avg Reward: -61.89 | Re-hits: 0
Update 30000/100000 | Loss: -0.1260 | Avg Turns/Game: 44.2 | Avg Reward: -71.90 | Re-hits: 0
Update 30100/100000 | Loss: -0.0353 | Avg Turns/Game: 43.4 | Avg Reward: -61.41 | Re-hits: 0
Update 30200/100000 | Loss: -0.1280 | Avg Turns/Game: 44.2 | Avg Reward: -68.33 | Re-hits: 0
Update 30300/100000 | Loss: -0.3136 | Avg Turns/Game: 43.9 | Avg Reward: -68.61 | Re-hits: 0
Update 30400/100000 | Loss: -0.3097 | Avg Turns/Game: 43.1 | Avg Reward: -60.70 | Re-hits: 0
Update 30500/100000 | Loss: -0.4298 | Avg Turns/Game: 42.6 | Avg Reward: -60.70 | Re-hits: 0
Update 30600/100000 | Loss: -0.1395 | Avg Turns/Game: 44.0 | Avg Reward: -63.40 | Re-hits: 0
Update 30700/100000 | Loss: -0.0371 | Avg Turns/Game: 45.1 | Avg Reward: -77.85 | Re-hits: 0
Update 30800/100000 | Loss: -0.1419 | Avg Turns/Game: 43.6 | Avg Reward: -62.86 | Re-hits: 0
Update 30900/100000 | Loss: -0.0648 | Avg Turns/Game: 43.0 | Avg Reward: -68.67 | Re-hits: 0
Update 31000/100000 | Loss: 0.0011 | Avg Turns/Game: 42.4 | Avg Reward: -60.45 | Re-hits: 0
Update 31100/100000 | Loss: -0.0798 | Avg Turns/Game: 42.5 | Avg Reward: -60.16 | Re-hits: 0
Update 31200/100000 | Loss: -0.2154 | Avg Turns/Game: 43.0 | Avg Reward: -59.79 | Re-hits: 0
Update 31300/100000 | Loss: 0.0868 | Avg Turns/Game: 43.1 | Avg Reward: -62.81 | Re-hits: 0
Update 31400/100000 | Loss: -0.1091 | Avg Turns/Game: 43.7 | Avg Reward: -65.70 | Re-hits: 0
Update 31500/100000 | Loss: -0.0252 | Avg Turns/Game: 43.9 | Avg Reward: -67.88 | Re-hits: 0
Update 31600/100000 | Loss: -0.1711 | Avg Turns/Game: 44.4 | Avg Reward: -68.01 | Re-hits: 0
Update 31700/100000 | Loss: -0.1171 | Avg Turns/Game: 43.1 | Avg Reward: -60.99 | Re-hits: 0
Update 31800/100000 | Loss: -0.1011 | Avg Turns/Game: 42.7 | Avg Reward: -57.31 | Re-hits: 0
Update 31900/100000 | Loss: -0.1261 | Avg Turns/Game: 41.7 | Avg Reward: -57.44 | Re-hits: 0
Update 32000/100000 | Loss: -0.0919 | Avg Turns/Game: 43.1 | Avg Reward: -64.45 | Re-hits: 0
Update 32100/100000 | Loss: -0.2964 | Avg Turns/Game: 43.6 | Avg Reward: -64.86 | Re-hits: 0
Update 32200/100000 | Loss: -0.1312 | Avg Turns/Game: 42.8 | Avg Reward: -61.66 | Re-hits: 0
Update 32300/100000 | Loss: -0.4972 | Avg Turns/Game: 42.9 | Avg Reward: -62.08 | Re-hits: 0
Update 32400/100000 | Loss: -0.1182 | Avg Turns/Game: 42.0 | Avg Reward: -59.03 | Re-hits: 0
Update 32500/100000 | Loss: -0.0255 | Avg Turns/Game: 43.7 | Avg Reward: -65.37 | Re-hits: 0
Update 32600/100000 | Loss: -0.0558 | Avg Turns/Game: 42.9 | Avg Reward: -59.72 | Re-hits: 0
Update 32700/100000 | Loss: 0.0809 | Avg Turns/Game: 42.7 | Avg Reward: -62.06 | Re-hits: 0
Update 32800/100000 | Loss: 0.0263 | Avg Turns/Game: 43.6 | Avg Reward: -63.71 | Re-hits: 0
Update 32900/100000 | Loss: -0.0438 | Avg Turns/Game: 43.9 | Avg Reward: -68.52 | Re-hits: 0
Update 33000/100000 | Loss: -0.0808 | Avg Turns/Game: 42.2 | Avg Reward: -59.67 | Re-hits: 0
Update 33100/100000 | Loss: 0.0069 | Avg Turns/Game: 42.3 | Avg Reward: -61.38 | Re-hits: 0
Update 33200/100000 | Loss: -0.2026 | Avg Turns/Game: 44.5 | Avg Reward: -71.08 | Re-hits: 0
Update 33300/100000 | Loss: -0.0801 | Avg Turns/Game: 41.5 | Avg Reward: -53.17 | Re-hits: 0
Update 33400/100000 | Loss: -0.0956 | Avg Turns/Game: 43.7 | Avg Reward: -64.31 | Re-hits: 0
Update 33500/100000 | Loss: -0.1119 | Avg Turns/Game: 44.3 | Avg Reward: -74.97 | Re-hits: 0
Update 33600/100000 | Loss: 0.0661 | Avg Turns/Game: 43.6 | Avg Reward: -65.30 | Re-hits: 0
Update 33700/100000 | Loss: 0.0055 | Avg Turns/Game: 42.8 | Avg Reward: -59.90 | Re-hits: 0
Update 33800/100000 | Loss: -0.1238 | Avg Turns/Game: 44.4 | Avg Reward: -77.31 | Re-hits: 0
Update 33900/100000 | Loss: -0.0566 | Avg Turns/Game: 43.5 | Avg Reward: -63.19 | Re-hits: 0
Update 34000/100000 | Loss: -0.2040 | Avg Turns/Game: 43.0 | Avg Reward: -61.75 | Re-hits: 0
Update 34100/100000 | Loss: -0.0136 | Avg Turns/Game: 44.3 | Avg Reward: -67.85 | Re-hits: 0
Update 34200/100000 | Loss: -0.0831 | Avg Turns/Game: 42.3 | Avg Reward: -61.33 | Re-hits: 0
Update 34300/100000 | Loss: -0.0819 | Avg Turns/Game: 44.0 | Avg Reward: -66.82 | Re-hits: 0
Update 34400/100000 | Loss: -0.1590 | Avg Turns/Game: 41.5 | Avg Reward: -52.40 | Re-hits: 0
Update 34500/100000 | Loss: -0.0598 | Avg Turns/Game: 45.0 | Avg Reward: -77.93 | Re-hits: 0
Update 34600/100000 | Loss: -0.0075 | Avg Turns/Game: 43.9 | Avg Reward: -64.64 | Re-hits: 0
Update 34700/100000 | Loss: -0.2271 | Avg Turns/Game: 42.7 | Avg Reward: -60.64 | Re-hits: 0
Update 34800/100000 | Loss: -0.0896 | Avg Turns/Game: 42.3 | Avg Reward: -58.24 | Re-hits: 0
Update 34900/100000 | Loss: -0.1236 | Avg Turns/Game: 45.0 | Avg Reward: -70.19 | Re-hits: 0
Update 35000/100000 | Loss: -0.0883 | Avg Turns/Game: 42.1 | Avg Reward: -55.87 | Re-hits: 0
Update 35100/100000 | Loss: -0.0296 | Avg Turns/Game: 42.8 | Avg Reward: -60.22 | Re-hits: 0
Update 35200/100000 | Loss: -0.0529 | Avg Turns/Game: 43.0 | Avg Reward: -60.97 | Re-hits: 0
Update 35300/100000 | Loss: -0.0468 | Avg Turns/Game: 42.9 | Avg Reward: -60.74 | Re-hits: 0
Update 35400/100000 | Loss: 0.0249 | Avg Turns/Game: 43.9 | Avg Reward: -68.42 | Re-hits: 0
Update 35500/100000 | Loss: -0.1583 | Avg Turns/Game: 42.7 | Avg Reward: -62.42 | Re-hits: 0
Update 35600/100000 | Loss: -0.2116 | Avg Turns/Game: 45.2 | Avg Reward: -74.89 | Re-hits: 0
Update 35700/100000 | Loss: -0.1620 | Avg Turns/Game: 43.6 | Avg Reward: -68.49 | Re-hits: 0
Update 35800/100000 | Loss: -0.0386 | Avg Turns/Game: 42.8 | Avg Reward: -59.60 | Re-hits: 0
Update 35900/100000 | Loss: -0.1617 | Avg Turns/Game: 43.4 | Avg Reward: -61.52 | Re-hits: 0
Update 36000/100000 | Loss: 0.0756 | Avg Turns/Game: 42.1 | Avg Reward: -53.91 | Re-hits: 0
Update 36100/100000 | Loss: -0.0001 | Avg Turns/Game: 44.2 | Avg Reward: -66.43 | Re-hits: 0
Update 36200/100000 | Loss: -0.1152 | Avg Turns/Game: 42.7 | Avg Reward: -59.45 | Re-hits: 0
Update 36300/100000 | Loss: -0.1913 | Avg Turns/Game: 44.3 | Avg Reward: -67.15 | Re-hits: 0
Update 36400/100000 | Loss: -0.0183 | Avg Turns/Game: 44.4 | Avg Reward: -68.80 | Re-hits: 0
Update 36500/100000 | Loss: -0.1440 | Avg Turns/Game: 42.8 | Avg Reward: -58.62 | Re-hits: 0
Update 36600/100000 | Loss: -0.0678 | Avg Turns/Game: 42.7 | Avg Reward: -56.99 | Re-hits: 0
Update 36700/100000 | Loss: -0.0239 | Avg Turns/Game: 43.7 | Avg Reward: -69.95 | Re-hits: 0
Update 36800/100000 | Loss: -0.0311 | Avg Turns/Game: 43.9 | Avg Reward: -69.50 | Re-hits: 0
Update 36900/100000 | Loss: -0.0974 | Avg Turns/Game: 42.4 | Avg Reward: -61.11 | Re-hits: 0
Update 37000/100000 | Loss: -0.3992 | Avg Turns/Game: 44.8 | Avg Reward: -71.17 | Re-hits: 0
Update 37100/100000 | Loss: -0.1035 | Avg Turns/Game: 45.9 | Avg Reward: -79.12 | Re-hits: 0
Update 37200/100000 | Loss: -0.1853 | Avg Turns/Game: 43.6 | Avg Reward: -66.54 | Re-hits: 0
Update 37300/100000 | Loss: -0.2828 | Avg Turns/Game: 45.9 | Avg Reward: -79.51 | Re-hits: 0
Update 37400/100000 | Loss: 0.2109 | Avg Turns/Game: 44.1 | Avg Reward: -63.73 | Re-hits: 0
Update 37500/100000 | Loss: -0.0949 | Avg Turns/Game: 44.5 | Avg Reward: -69.51 | Re-hits: 0
Update 37600/100000 | Loss: -0.1862 | Avg Turns/Game: 44.1 | Avg Reward: -66.04 | Re-hits: 0
Update 37700/100000 | Loss: -0.0865 | Avg Turns/Game: 45.2 | Avg Reward: -71.21 | Re-hits: 0
Update 37800/100000 | Loss: -0.1405 | Avg Turns/Game: 43.7 | Avg Reward: -60.20 | Re-hits: 0
Update 37900/100000 | Loss: -0.1677 | Avg Turns/Game: 44.5 | Avg Reward: -74.49 | Re-hits: 0
Update 38000/100000 | Loss: 0.0044 | Avg Turns/Game: 44.3 | Avg Reward: -64.51 | Re-hits: 0
Update 38100/100000 | Loss: -0.2207 | Avg Turns/Game: 42.7 | Avg Reward: -59.31 | Re-hits: 0
Update 38200/100000 | Loss: -0.0735 | Avg Turns/Game: 42.7 | Avg Reward: -59.18 | Re-hits: 0
Update 38300/100000 | Loss: 0.1713 | Avg Turns/Game: 44.1 | Avg Reward: -65.83 | Re-hits: 0
Update 38400/100000 | Loss: 0.0460 | Avg Turns/Game: 42.2 | Avg Reward: -57.40 | Re-hits: 0
Update 38500/100000 | Loss: -0.1432 | Avg Turns/Game: 44.0 | Avg Reward: -65.65 | Re-hits: 0
Update 38600/100000 | Loss: -0.3897 | Avg Turns/Game: 43.2 | Avg Reward: -65.99 | Re-hits: 0
Update 38700/100000 | Loss: -0.4541 | Avg Turns/Game: 43.3 | Avg Reward: -59.77 | Re-hits: 0
Update 38800/100000 | Loss: 0.0182 | Avg Turns/Game: 43.6 | Avg Reward: -68.47 | Re-hits: 0
Update 38900/100000 | Loss: -0.1127 | Avg Turns/Game: 42.3 | Avg Reward: -55.04 | Re-hits: 0
Update 39000/100000 | Loss: -0.0676 | Avg Turns/Game: 43.6 | Avg Reward: -62.73 | Re-hits: 0
Update 39100/100000 | Loss: 0.0620 | Avg Turns/Game: 44.0 | Avg Reward: -69.44 | Re-hits: 0
Update 39200/100000 | Loss: -0.1813 | Avg Turns/Game: 42.5 | Avg Reward: -54.76 | Re-hits: 0
Update 39300/100000 | Loss: -0.1802 | Avg Turns/Game: 43.5 | Avg Reward: -62.34 | Re-hits: 0
Update 39400/100000 | Loss: -0.0620 | Avg Turns/Game: 42.1 | Avg Reward: -58.56 | Re-hits: 0
Update 39500/100000 | Loss: -0.0357 | Avg Turns/Game: 42.0 | Avg Reward: -54.59 | Re-hits: 0
Update 39600/100000 | Loss: -0.1971 | Avg Turns/Game: 43.9 | Avg Reward: -67.16 | Re-hits: 0
Update 39700/100000 | Loss: -0.1678 | Avg Turns/Game: 42.5 | Avg Reward: -60.36 | Re-hits: 0
Update 39800/100000 | Loss: -0.1065 | Avg Turns/Game: 43.6 | Avg Reward: -62.28 | Re-hits: 0
Update 39900/100000 | Loss: -0.0685 | Avg Turns/Game: 42.7 | Avg Reward: -60.61 | Re-hits: 0
Update 40000/100000 | Loss: -0.1433 | Avg Turns/Game: 41.5 | Avg Reward: -49.30 | Re-hits: 0
Update 40100/100000 | Loss: 0.0504 | Avg Turns/Game: 43.8 | Avg Reward: -69.91 | Re-hits: 0
Update 40200/100000 | Loss: -0.1427 | Avg Turns/Game: 43.8 | Avg Reward: -62.56 | Re-hits: 0
Update 40300/100000 | Loss: 0.1624 | Avg Turns/Game: 43.6 | Avg Reward: -63.75 | Re-hits: 0
Update 40400/100000 | Loss: -0.0960 | Avg Turns/Game: 42.5 | Avg Reward: -60.62 | Re-hits: 0
Update 40500/100000 | Loss: -0.1346 | Avg Turns/Game: 44.5 | Avg Reward: -75.60 | Re-hits: 0
Update 40600/100000 | Loss: -0.1435 | Avg Turns/Game: 43.0 | Avg Reward: -60.36 | Re-hits: 0
Update 40700/100000 | Loss: -0.1050 | Avg Turns/Game: 43.9 | Avg Reward: -62.07 | Re-hits: 0
Update 40800/100000 | Loss: 0.1768 | Avg Turns/Game: 44.1 | Avg Reward: -70.19 | Re-hits: 0
Update 40900/100000 | Loss: 0.0412 | Avg Turns/Game: 42.8 | Avg Reward: -56.70 | Re-hits: 0
Update 41000/100000 | Loss: 0.1047 | Avg Turns/Game: 43.5 | Avg Reward: -62.87 | Re-hits: 0
Update 41100/100000 | Loss: -0.1167 | Avg Turns/Game: 43.3 | Avg Reward: -67.38 | Re-hits: 0
Update 41200/100000 | Loss: -0.0642 | Avg Turns/Game: 45.0 | Avg Reward: -70.42 | Re-hits: 0
Update 41300/100000 | Loss: -0.1016 | Avg Turns/Game: 43.1 | Avg Reward: -63.53 | Re-hits: 0
Update 41400/100000 | Loss: -0.1261 | Avg Turns/Game: 42.6 | Avg Reward: -58.72 | Re-hits: 0
Update 41500/100000 | Loss: -0.0857 | Avg Turns/Game: 45.2 | Avg Reward: -70.50 | Re-hits: 0
Update 41600/100000 | Loss: -0.1328 | Avg Turns/Game: 44.2 | Avg Reward: -72.45 | Re-hits: 0
Update 41700/100000 | Loss: 0.0072 | Avg Turns/Game: 44.4 | Avg Reward: -67.17 | Re-hits: 0
Update 41800/100000 | Loss: -0.1454 | Avg Turns/Game: 42.8 | Avg Reward: -62.07 | Re-hits: 0
Update 41900/100000 | Loss: -0.1191 | Avg Turns/Game: 43.1 | Avg Reward: -63.14 | Re-hits: 0
Update 42000/100000 | Loss: -0.0814 | Avg Turns/Game: 43.5 | Avg Reward: -63.37 | Re-hits: 0
Update 42100/100000 | Loss: -0.1850 | Avg Turns/Game: 43.5 | Avg Reward: -61.15 | Re-hits: 0
Update 42200/100000 | Loss: -0.1175 | Avg Turns/Game: 44.5 | Avg Reward: -71.93 | Re-hits: 0
Update 42300/100000 | Loss: 0.0551 | Avg Turns/Game: 42.9 | Avg Reward: -60.46 | Re-hits: 0
Update 42400/100000 | Loss: -0.1531 | Avg Turns/Game: 42.5 | Avg Reward: -56.99 | Re-hits: 0
Update 42500/100000 | Loss: -0.0468 | Avg Turns/Game: 44.6 | Avg Reward: -74.17 | Re-hits: 0
Update 42600/100000 | Loss: -0.1741 | Avg Turns/Game: 42.1 | Avg Reward: -63.68 | Re-hits: 0
Update 42700/100000 | Loss: 0.1594 | Avg Turns/Game: 42.8 | Avg Reward: -59.93 | Re-hits: 0
Update 42800/100000 | Loss: -0.2272 | Avg Turns/Game: 43.1 | Avg Reward: -62.43 | Re-hits: 0
Update 42900/100000 | Loss: -0.1024 | Avg Turns/Game: 43.5 | Avg Reward: -64.04 | Re-hits: 0
Update 43000/100000 | Loss: -0.0858 | Avg Turns/Game: 42.3 | Avg Reward: -56.06 | Re-hits: 0
Update 43100/100000 | Loss: -0.0753 | Avg Turns/Game: 42.4 | Avg Reward: -60.61 | Re-hits: 0
Update 43200/100000 | Loss: 0.0118 | Avg Turns/Game: 43.8 | Avg Reward: -65.32 | Re-hits: 0
Update 43300/100000 | Loss: -0.0935 | Avg Turns/Game: 42.1 | Avg Reward: -60.65 | Re-hits: 0
Update 43400/100000 | Loss: -0.0293 | Avg Turns/Game: 41.5 | Avg Reward: -54.03 | Re-hits: 0
Update 43500/100000 | Loss: -0.3612 | Avg Turns/Game: 43.3 | Avg Reward: -65.78 | Re-hits: 0
Update 43600/100000 | Loss: -0.1982 | Avg Turns/Game: 43.5 | Avg Reward: -61.27 | Re-hits: 0
Update 43700/100000 | Loss: -0.0418 | Avg Turns/Game: 42.2 | Avg Reward: -57.53 | Re-hits: 0
Update 43800/100000 | Loss: -0.1348 | Avg Turns/Game: 43.2 | Avg Reward: -58.27 | Re-hits: 0
Update 43900/100000 | Loss: -0.0101 | Avg Turns/Game: 44.0 | Avg Reward: -66.60 | Re-hits: 0
Update 44000/100000 | Loss: 0.0265 | Avg Turns/Game: 40.8 | Avg Reward: -47.80 | Re-hits: 0
Update 44100/100000 | Loss: -0.0105 | Avg Turns/Game: 42.0 | Avg Reward: -56.34 | Re-hits: 0
Update 44200/100000 | Loss: -0.1350 | Avg Turns/Game: 43.4 | Avg Reward: -64.71 | Re-hits: 0
Update 44300/100000 | Loss: -0.0278 | Avg Turns/Game: 42.8 | Avg Reward: -63.66 | Re-hits: 0
Update 44400/100000 | Loss: -0.1430 | Avg Turns/Game: 44.2 | Avg Reward: -67.83 | Re-hits: 0
Update 44500/100000 | Loss: 0.0562 | Avg Turns/Game: 43.0 | Avg Reward: -56.48 | Re-hits: 0
Update 44600/100000 | Loss: -0.1731 | Avg Turns/Game: 43.4 | Avg Reward: -63.55 | Re-hits: 0
Update 44700/100000 | Loss: -0.1136 | Avg Turns/Game: 42.7 | Avg Reward: -58.47 | Re-hits: 0
Update 44800/100000 | Loss: -0.0270 | Avg Turns/Game: 44.6 | Avg Reward: -76.29 | Re-hits: 0
Update 44900/100000 | Loss: -0.1169 | Avg Turns/Game: 42.7 | Avg Reward: -65.58 | Re-hits: 0
Update 45000/100000 | Loss: -0.1151 | Avg Turns/Game: 44.4 | Avg Reward: -66.84 | Re-hits: 0
Update 45100/100000 | Loss: -0.0734 | Avg Turns/Game: 43.9 | Avg Reward: -65.84 | Re-hits: 0
Update 45200/100000 | Loss: -0.0330 | Avg Turns/Game: 44.1 | Avg Reward: -72.13 | Re-hits: 0
Update 45300/100000 | Loss: 0.0345 | Avg Turns/Game: 41.9 | Avg Reward: -53.00 | Re-hits: 0
Update 45400/100000 | Loss: -0.0224 | Avg Turns/Game: 43.2 | Avg Reward: -62.47 | Re-hits: 0
Update 45500/100000 | Loss: -0.0883 | Avg Turns/Game: 44.2 | Avg Reward: -66.96 | Re-hits: 0
Update 45600/100000 | Loss: -0.0765 | Avg Turns/Game: 42.1 | Avg Reward: -57.33 | Re-hits: 0
Update 45700/100000 | Loss: -0.1425 | Avg Turns/Game: 44.1 | Avg Reward: -65.55 | Re-hits: 0
Update 45800/100000 | Loss: 0.0094 | Avg Turns/Game: 44.4 | Avg Reward: -66.22 | Re-hits: 0
Update 45900/100000 | Loss: -0.2807 | Avg Turns/Game: 43.1 | Avg Reward: -62.73 | Re-hits: 0
Update 46000/100000 | Loss: -0.1093 | Avg Turns/Game: 43.0 | Avg Reward: -60.74 | Re-hits: 0
Update 46100/100000 | Loss: -0.1725 | Avg Turns/Game: 43.5 | Avg Reward: -71.97 | Re-hits: 0
Update 46200/100000 | Loss: -0.1119 | Avg Turns/Game: 43.6 | Avg Reward: -63.16 | Re-hits: 0
Update 46300/100000 | Loss: -0.1250 | Avg Turns/Game: 43.0 | Avg Reward: -60.36 | Re-hits: 0
Update 46400/100000 | Loss: -0.0194 | Avg Turns/Game: 42.8 | Avg Reward: -59.12 | Re-hits: 0
Update 46500/100000 | Loss: -0.1719 | Avg Turns/Game: 44.6 | Avg Reward: -72.52 | Re-hits: 0
Update 46600/100000 | Loss: -0.0652 | Avg Turns/Game: 41.2 | Avg Reward: -49.27 | Re-hits: 0
Update 46700/100000 | Loss: -0.1434 | Avg Turns/Game: 41.6 | Avg Reward: -52.39 | Re-hits: 0
Update 46800/100000 | Loss: -0.1058 | Avg Turns/Game: 43.9 | Avg Reward: -67.47 | Re-hits: 0
Update 46900/100000 | Loss: -0.1115 | Avg Turns/Game: 42.4 | Avg Reward: -56.34 | Re-hits: 0
Update 47000/100000 | Loss: 0.0125 | Avg Turns/Game: 43.5 | Avg Reward: -69.05 | Re-hits: 0
Update 47100/100000 | Loss: -0.1481 | Avg Turns/Game: 43.0 | Avg Reward: -67.82 | Re-hits: 0
Update 47200/100000 | Loss: -0.1932 | Avg Turns/Game: 43.5 | Avg Reward: -65.58 | Re-hits: 0
Update 47300/100000 | Loss: 0.0066 | Avg Turns/Game: 42.5 | Avg Reward: -63.37 | Re-hits: 0
Update 47400/100000 | Loss: -0.1611 | Avg Turns/Game: 42.8 | Avg Reward: -59.43 | Re-hits: 0
Update 47500/100000 | Loss: 0.0937 | Avg Turns/Game: 43.4 | Avg Reward: -65.39 | Re-hits: 0
Update 47600/100000 | Loss: -0.1462 | Avg Turns/Game: 40.9 | Avg Reward: -51.59 | Re-hits: 0
Update 47700/100000 | Loss: 0.0546 | Avg Turns/Game: 45.5 | Avg Reward: -78.23 | Re-hits: 0
Update 47800/100000 | Loss: -0.1390 | Avg Turns/Game: 43.1 | Avg Reward: -60.79 | Re-hits: 0
Update 47900/100000 | Loss: -0.1150 | Avg Turns/Game: 42.8 | Avg Reward: -55.60 | Re-hits: 0
Update 48000/100000 | Loss: -0.2841 | Avg Turns/Game: 43.0 | Avg Reward: -58.61 | Re-hits: 0
Update 48100/100000 | Loss: -0.0624 | Avg Turns/Game: 45.8 | Avg Reward: -73.75 | Re-hits: 0
Update 48200/100000 | Loss: -0.0018 | Avg Turns/Game: 42.0 | Avg Reward: -53.86 | Re-hits: 0
Update 48300/100000 | Loss: -0.0446 | Avg Turns/Game: 44.4 | Avg Reward: -73.59 | Re-hits: 0
Update 48400/100000 | Loss: -0.0535 | Avg Turns/Game: 42.1 | Avg Reward: -52.90 | Re-hits: 0
Update 48500/100000 | Loss: 0.0633 | Avg Turns/Game: 43.6 | Avg Reward: -62.27 | Re-hits: 0
Update 48600/100000 | Loss: -0.0304 | Avg Turns/Game: 42.7 | Avg Reward: -68.12 | Re-hits: 0
Update 48700/100000 | Loss: -0.1273 | Avg Turns/Game: 42.9 | Avg Reward: -59.45 | Re-hits: 0
Update 48800/100000 | Loss: -0.0542 | Avg Turns/Game: 42.4 | Avg Reward: -57.24 | Re-hits: 0
Update 48900/100000 | Loss: -0.0683 | Avg Turns/Game: 42.5 | Avg Reward: -61.89 | Re-hits: 0
Update 49000/100000 | Loss: -0.0356 | Avg Turns/Game: 44.0 | Avg Reward: -65.55 | Re-hits: 0
Update 49100/100000 | Loss: -0.1157 | Avg Turns/Game: 41.6 | Avg Reward: -52.15 | Re-hits: 0
Update 49200/100000 | Loss: -0.1100 | Avg Turns/Game: 43.7 | Avg Reward: -60.64 | Re-hits: 0
Update 49300/100000 | Loss: -0.1547 | Avg Turns/Game: 42.3 | Avg Reward: -56.49 | Re-hits: 0
Update 49400/100000 | Loss: -0.1711 | Avg Turns/Game: 42.9 | Avg Reward: -58.61 | Re-hits: 0
Update 49500/100000 | Loss: 0.1233 | Avg Turns/Game: 43.9 | Avg Reward: -62.18 | Re-hits: 0
Update 49600/100000 | Loss: -0.0586 | Avg Turns/Game: 41.6 | Avg Reward: -50.41 | Re-hits: 0
Update 49700/100000 | Loss: -0.0364 | Avg Turns/Game: 42.7 | Avg Reward: -68.85 | Re-hits: 0
Update 49800/100000 | Loss: -0.1016 | Avg Turns/Game: 42.4 | Avg Reward: -60.95 | Re-hits: 0
Update 49900/100000 | Loss: 0.1038 | Avg Turns/Game: 44.7 | Avg Reward: -65.66 | Re-hits: 0
Update 50000/100000 | Loss: -0.1542 | Avg Turns/Game: 44.0 | Avg Reward: -68.85 | Re-hits: 0
Update 50100/100000 | Loss: 0.0182 | Avg Turns/Game: 43.1 | Avg Reward: -62.63 | Re-hits: 0
Update 50200/100000 | Loss: -0.0928 | Avg Turns/Game: 42.6 | Avg Reward: -57.10 | Re-hits: 0
Update 50300/100000 | Loss: -0.1330 | Avg Turns/Game: 42.6 | Avg Reward: -59.76 | Re-hits: 0
Update 50400/100000 | Loss: -0.1705 | Avg Turns/Game: 42.3 | Avg Reward: -56.44 | Re-hits: 0
Update 50500/100000 | Loss: -0.0422 | Avg Turns/Game: 43.0 | Avg Reward: -61.50 | Re-hits: 0
Update 50600/100000 | Loss: -0.0913 | Avg Turns/Game: 44.2 | Avg Reward: -68.58 | Re-hits: 0
Update 50700/100000 | Loss: -0.1581 | Avg Turns/Game: 41.6 | Avg Reward: -55.27 | Re-hits: 0
Update 50800/100000 | Loss: -0.0542 | Avg Turns/Game: 43.7 | Avg Reward: -69.26 | Re-hits: 0
Update 50900/100000 | Loss: -0.0151 | Avg Turns/Game: 43.6 | Avg Reward: -61.54 | Re-hits: 0
Update 51000/100000 | Loss: -0.0288 | Avg Turns/Game: 43.7 | Avg Reward: -60.98 | Re-hits: 0
Update 51100/100000 | Loss: -0.0044 | Avg Turns/Game: 44.3 | Avg Reward: -65.52 | Re-hits: 0
Update 51200/100000 | Loss: 0.0254 | Avg Turns/Game: 45.0 | Avg Reward: -70.69 | Re-hits: 0
Update 51300/100000 | Loss: -0.0721 | Avg Turns/Game: 40.6 | Avg Reward: -54.15 | Re-hits: 0
Update 51400/100000 | Loss: -0.0288 | Avg Turns/Game: 42.4 | Avg Reward: -59.69 | Re-hits: 0
Update 51500/100000 | Loss: 0.2050 | Avg Turns/Game: 43.3 | Avg Reward: -64.14 | Re-hits: 0
Update 51600/100000 | Loss: -0.2038 | Avg Turns/Game: 41.6 | Avg Reward: -54.97 | Re-hits: 0
Update 51700/100000 | Loss: -0.0816 | Avg Turns/Game: 43.8 | Avg Reward: -68.15 | Re-hits: 0
Update 51800/100000 | Loss: -0.0848 | Avg Turns/Game: 44.4 | Avg Reward: -69.38 | Re-hits: 0
Update 51900/100000 | Loss: -0.1750 | Avg Turns/Game: 42.1 | Avg Reward: -58.72 | Re-hits: 0
Update 52000/100000 | Loss: -0.0120 | Avg Turns/Game: 43.6 | Avg Reward: -66.23 | Re-hits: 0
Update 52100/100000 | Loss: 0.0419 | Avg Turns/Game: 44.0 | Avg Reward: -68.55 | Re-hits: 0
Update 52200/100000 | Loss: -0.1099 | Avg Turns/Game: 44.5 | Avg Reward: -65.74 | Re-hits: 0
Update 52300/100000 | Loss: -0.0245 | Avg Turns/Game: 43.6 | Avg Reward: -63.86 | Re-hits: 0
Update 52400/100000 | Loss: -0.0721 | Avg Turns/Game: 41.0 | Avg Reward: -49.46 | Re-hits: 0
Update 52500/100000 | Loss: -0.0904 | Avg Turns/Game: 42.8 | Avg Reward: -61.16 | Re-hits: 0
Update 52600/100000 | Loss: -0.1137 | Avg Turns/Game: 44.1 | Avg Reward: -67.24 | Re-hits: 0
Update 52700/100000 | Loss: -0.0208 | Avg Turns/Game: 42.7 | Avg Reward: -61.51 | Re-hits: 0
Update 52800/100000 | Loss: 0.0672 | Avg Turns/Game: 42.9 | Avg Reward: -60.10 | Re-hits: 0
Update 52900/100000 | Loss: -0.0926 | Avg Turns/Game: 43.5 | Avg Reward: -62.56 | Re-hits: 0
Update 53000/100000 | Loss: -0.0370 | Avg Turns/Game: 42.9 | Avg Reward: -61.57 | Re-hits: 0
Update 53100/100000 | Loss: -0.2276 | Avg Turns/Game: 42.3 | Avg Reward: -57.58 | Re-hits: 0
Update 53200/100000 | Loss: 0.0630 | Avg Turns/Game: 43.4 | Avg Reward: -62.50 | Re-hits: 0
Update 53300/100000 | Loss: -0.0056 | Avg Turns/Game: 42.7 | Avg Reward: -61.60 | Re-hits: 0
Update 53400/100000 | Loss: -0.1027 | Avg Turns/Game: 43.0 | Avg Reward: -60.89 | Re-hits: 0
Update 53500/100000 | Loss: -0.0815 | Avg Turns/Game: 42.6 | Avg Reward: -60.27 | Re-hits: 0
Update 53600/100000 | Loss: -0.0659 | Avg Turns/Game: 43.3 | Avg Reward: -62.11 | Re-hits: 0
Update 53700/100000 | Loss: 0.0449 | Avg Turns/Game: 43.8 | Avg Reward: -67.06 | Re-hits: 0
Update 53800/100000 | Loss: -0.0207 | Avg Turns/Game: 44.6 | Avg Reward: -66.80 | Re-hits: 0
Update 53900/100000 | Loss: 0.0783 | Avg Turns/Game: 42.5 | Avg Reward: -57.15 | Re-hits: 0
Update 54000/100000 | Loss: -0.0766 | Avg Turns/Game: 42.4 | Avg Reward: -55.86 | Re-hits: 0
Update 54100/100000 | Loss: -0.3721 | Avg Turns/Game: 42.5 | Avg Reward: -56.56 | Re-hits: 0
Update 54200/100000 | Loss: -0.1765 | Avg Turns/Game: 43.0 | Avg Reward: -62.07 | Re-hits: 0
Update 54300/100000 | Loss: 0.0874 | Avg Turns/Game: 43.5 | Avg Reward: -61.23 | Re-hits: 0
Update 54400/100000 | Loss: -0.1309 | Avg Turns/Game: 41.5 | Avg Reward: -53.63 | Re-hits: 0
Update 54500/100000 | Loss: -0.0762 | Avg Turns/Game: 43.5 | Avg Reward: -61.38 | Re-hits: 0
Update 54600/100000 | Loss: 0.0888 | Avg Turns/Game: 43.7 | Avg Reward: -64.25 | Re-hits: 0
Update 54700/100000 | Loss: -0.0311 | Avg Turns/Game: 42.1 | Avg Reward: -59.49 | Re-hits: 0
Update 54800/100000 | Loss: -0.1623 | Avg Turns/Game: 42.8 | Avg Reward: -59.57 | Re-hits: 0
Update 54900/100000 | Loss: -0.0976 | Avg Turns/Game: 42.8 | Avg Reward: -61.90 | Re-hits: 0
Update 55000/100000 | Loss: -0.1396 | Avg Turns/Game: 41.7 | Avg Reward: -51.87 | Re-hits: 0
Update 55100/100000 | Loss: -0.1990 | Avg Turns/Game: 43.5 | Avg Reward: -64.02 | Re-hits: 0
Update 55200/100000 | Loss: -0.4530 | Avg Turns/Game: 42.8 | Avg Reward: -56.14 | Re-hits: 0
Update 55300/100000 | Loss: -0.0222 | Avg Turns/Game: 43.5 | Avg Reward: -67.06 | Re-hits: 0
Update 55400/100000 | Loss: -0.1267 | Avg Turns/Game: 43.3 | Avg Reward: -58.62 | Re-hits: 0
Update 55500/100000 | Loss: -0.0852 | Avg Turns/Game: 43.5 | Avg Reward: -58.74 | Re-hits: 0
Update 55600/100000 | Loss: -0.1805 | Avg Turns/Game: 42.6 | Avg Reward: -59.52 | Re-hits: 0
Update 55700/100000 | Loss: -0.0697 | Avg Turns/Game: 43.5 | Avg Reward: -60.37 | Re-hits: 0
Update 55800/100000 | Loss: -0.0253 | Avg Turns/Game: 43.1 | Avg Reward: -66.40 | Re-hits: 0
Update 55900/100000 | Loss: -0.1494 | Avg Turns/Game: 42.2 | Avg Reward: -58.50 | Re-hits: 0
Update 56000/100000 | Loss: 0.0217 | Avg Turns/Game: 43.0 | Avg Reward: -59.01 | Re-hits: 0
Update 56100/100000 | Loss: 0.0092 | Avg Turns/Game: 42.1 | Avg Reward: -57.36 | Re-hits: 0
Update 56200/100000 | Loss: 0.0400 | Avg Turns/Game: 43.4 | Avg Reward: -62.86 | Re-hits: 0
Update 56300/100000 | Loss: -0.0927 | Avg Turns/Game: 42.7 | Avg Reward: -54.46 | Re-hits: 0
Update 56400/100000 | Loss: -0.0432 | Avg Turns/Game: 43.3 | Avg Reward: -62.66 | Re-hits: 0
Update 56500/100000 | Loss: -0.0668 | Avg Turns/Game: 42.3 | Avg Reward: -56.31 | Re-hits: 0
Update 56600/100000 | Loss: -0.0339 | Avg Turns/Game: 40.1 | Avg Reward: -46.37 | Re-hits: 0
Update 56700/100000 | Loss: -0.4354 | Avg Turns/Game: 42.7 | Avg Reward: -65.18 | Re-hits: 0
Update 56800/100000 | Loss: -0.0691 | Avg Turns/Game: 44.6 | Avg Reward: -68.50 | Re-hits: 0
Update 56900/100000 | Loss: -0.0702 | Avg Turns/Game: 43.3 | Avg Reward: -64.63 | Re-hits: 0
Update 57000/100000 | Loss: -0.0179 | Avg Turns/Game: 41.0 | Avg Reward: -52.62 | Re-hits: 0
Update 57100/100000 | Loss: -0.1985 | Avg Turns/Game: 42.7 | Avg Reward: -59.99 | Re-hits: 0
Update 57200/100000 | Loss: -0.2887 | Avg Turns/Game: 43.2 | Avg Reward: -60.62 | Re-hits: 0
Update 57300/100000 | Loss: -0.1070 | Avg Turns/Game: 42.5 | Avg Reward: -62.65 | Re-hits: 0
Update 57400/100000 | Loss: 0.0226 | Avg Turns/Game: 43.6 | Avg Reward: -64.03 | Re-hits: 0
Update 57500/100000 | Loss: 0.0690 | Avg Turns/Game: 42.9 | Avg Reward: -60.26 | Re-hits: 0
Update 57600/100000 | Loss: 0.0643 | Avg Turns/Game: 44.5 | Avg Reward: -66.71 | Re-hits: 0
Update 57700/100000 | Loss: -0.0106 | Avg Turns/Game: 41.9 | Avg Reward: -56.78 | Re-hits: 0
Update 57800/100000 | Loss: -0.3869 | Avg Turns/Game: 42.9 | Avg Reward: -63.23 | Re-hits: 0
Update 57900/100000 | Loss: -0.1491 | Avg Turns/Game: 41.8 | Avg Reward: -55.41 | Re-hits: 0
Update 58000/100000 | Loss: -0.2346 | Avg Turns/Game: 42.3 | Avg Reward: -56.93 | Re-hits: 0
Update 58100/100000 | Loss: 0.0221 | Avg Turns/Game: 41.8 | Avg Reward: -50.68 | Re-hits: 0
Update 58200/100000 | Loss: -0.2784 | Avg Turns/Game: 42.9 | Avg Reward: -62.04 | Re-hits: 0
Update 58300/100000 | Loss: 0.0072 | Avg Turns/Game: 44.0 | Avg Reward: -72.74 | Re-hits: 0
Update 58400/100000 | Loss: -0.0896 | Avg Turns/Game: 43.1 | Avg Reward: -58.56 | Re-hits: 0
Update 58500/100000 | Loss: -0.1121 | Avg Turns/Game: 43.0 | Avg Reward: -58.86 | Re-hits: 0
Update 58600/100000 | Loss: -0.1605 | Avg Turns/Game: 43.4 | Avg Reward: -60.48 | Re-hits: 0
Update 58700/100000 | Loss: -0.1207 | Avg Turns/Game: 44.3 | Avg Reward: -70.17 | Re-hits: 0
Update 58800/100000 | Loss: -0.0085 | Avg Turns/Game: 42.8 | Avg Reward: -60.84 | Re-hits: 0
Update 58900/100000 | Loss: -0.0731 | Avg Turns/Game: 43.1 | Avg Reward: -59.51 | Re-hits: 0
Update 59000/100000 | Loss: -0.0082 | Avg Turns/Game: 43.7 | Avg Reward: -61.39 | Re-hits: 0
Update 59100/100000 | Loss: 0.0350 | Avg Turns/Game: 42.1 | Avg Reward: -53.73 | Re-hits: 0
Update 59200/100000 | Loss: -0.0921 | Avg Turns/Game: 43.3 | Avg Reward: -63.10 | Re-hits: 0
Update 59300/100000 | Loss: -0.0526 | Avg Turns/Game: 43.0 | Avg Reward: -59.48 | Re-hits: 0
Update 59400/100000 | Loss: -0.0516 | Avg Turns/Game: 41.0 | Avg Reward: -48.70 | Re-hits: 0
Update 59500/100000 | Loss: -0.0663 | Avg Turns/Game: 43.2 | Avg Reward: -64.48 | Re-hits: 0
Update 59600/100000 | Loss: -0.1045 | Avg Turns/Game: 41.4 | Avg Reward: -53.36 | Re-hits: 0
Update 59700/100000 | Loss: -0.1427 | Avg Turns/Game: 40.8 | Avg Reward: -50.77 | Re-hits: 0
Update 59800/100000 | Loss: -0.0356 | Avg Turns/Game: 42.3 | Avg Reward: -58.22 | Re-hits: 0
Update 59900/100000 | Loss: -0.0024 | Avg Turns/Game: 41.7 | Avg Reward: -54.88 | Re-hits: 0
Update 60000/100000 | Loss: -0.2224 | Avg Turns/Game: 43.2 | Avg Reward: -60.99 | Re-hits: 0
Update 60100/100000 | Loss: -0.1365 | Avg Turns/Game: 44.4 | Avg Reward: -73.48 | Re-hits: 0
Update 60200/100000 | Loss: -0.0408 | Avg Turns/Game: 44.6 | Avg Reward: -72.49 | Re-hits: 0
Update 60300/100000 | Loss: -0.0310 | Avg Turns/Game: 42.6 | Avg Reward: -56.96 | Re-hits: 0
Update 60400/100000 | Loss: -0.0306 | Avg Turns/Game: 41.7 | Avg Reward: -53.09 | Re-hits: 0
Update 60500/100000 | Loss: -0.0431 | Avg Turns/Game: 44.4 | Avg Reward: -66.73 | Re-hits: 0
Update 60600/100000 | Loss: -0.0440 | Avg Turns/Game: 43.0 | Avg Reward: -55.69 | Re-hits: 0
Update 60700/100000 | Loss: -0.0838 | Avg Turns/Game: 44.4 | Avg Reward: -66.73 | Re-hits: 0
Update 60800/100000 | Loss: -0.0631 | Avg Turns/Game: 42.3 | Avg Reward: -56.55 | Re-hits: 0
Update 60900/100000 | Loss: -0.0652 | Avg Turns/Game: 44.3 | Avg Reward: -65.87 | Re-hits: 0
Update 61000/100000 | Loss: -0.1948 | Avg Turns/Game: 41.8 | Avg Reward: -58.07 | Re-hits: 0
Update 61100/100000 | Loss: -0.1025 | Avg Turns/Game: 42.6 | Avg Reward: -58.23 | Re-hits: 0
Update 61200/100000 | Loss: -0.1559 | Avg Turns/Game: 42.3 | Avg Reward: -56.13 | Re-hits: 0
Update 61300/100000 | Loss: -0.0680 | Avg Turns/Game: 42.6 | Avg Reward: -55.99 | Re-hits: 0
Update 61400/100000 | Loss: -0.2937 | Avg Turns/Game: 41.2 | Avg Reward: -50.91 | Re-hits: 0
Update 61500/100000 | Loss: -0.1032 | Avg Turns/Game: 43.3 | Avg Reward: -60.54 | Re-hits: 0
Update 61600/100000 | Loss: -0.1179 | Avg Turns/Game: 43.0 | Avg Reward: -59.60 | Re-hits: 0
Update 61700/100000 | Loss: -0.1214 | Avg Turns/Game: 42.7 | Avg Reward: -59.14 | Re-hits: 0
Update 61800/100000 | Loss: -0.1071 | Avg Turns/Game: 41.7 | Avg Reward: -57.22 | Re-hits: 0
Update 61900/100000 | Loss: -0.5013 | Avg Turns/Game: 42.4 | Avg Reward: -55.07 | Re-hits: 0
Update 62000/100000 | Loss: -0.2935 | Avg Turns/Game: 42.6 | Avg Reward: -57.42 | Re-hits: 0
Update 62100/100000 | Loss: -0.0161 | Avg Turns/Game: 42.8 | Avg Reward: -62.58 | Re-hits: 0
Update 62200/100000 | Loss: -0.1419 | Avg Turns/Game: 42.3 | Avg Reward: -55.62 | Re-hits: 0
Update 62300/100000 | Loss: -0.1072 | Avg Turns/Game: 44.9 | Avg Reward: -81.35 | Re-hits: 0
Update 62400/100000 | Loss: -0.0854 | Avg Turns/Game: 43.4 | Avg Reward: -67.55 | Re-hits: 0
Update 62500/100000 | Loss: 0.0529 | Avg Turns/Game: 42.3 | Avg Reward: -53.12 | Re-hits: 0
Update 62600/100000 | Loss: -0.0375 | Avg Turns/Game: 42.0 | Avg Reward: -56.42 | Re-hits: 0
Update 62700/100000 | Loss: -0.1284 | Avg Turns/Game: 42.0 | Avg Reward: -52.31 | Re-hits: 0
Update 62800/100000 | Loss: -0.0646 | Avg Turns/Game: 43.1 | Avg Reward: -62.02 | Re-hits: 0
Update 62900/100000 | Loss: -0.0497 | Avg Turns/Game: 43.9 | Avg Reward: -66.74 | Re-hits: 0
Update 63000/100000 | Loss: 0.0030 | Avg Turns/Game: 43.5 | Avg Reward: -73.48 | Re-hits: 0
Update 63100/100000 | Loss: -0.0711 | Avg Turns/Game: 42.0 | Avg Reward: -59.74 | Re-hits: 0
Update 63200/100000 | Loss: 0.0673 | Avg Turns/Game: 41.8 | Avg Reward: -54.16 | Re-hits: 0
Update 63300/100000 | Loss: -0.1250 | Avg Turns/Game: 42.6 | Avg Reward: -57.95 | Re-hits: 0
Update 63400/100000 | Loss: -0.1128 | Avg Turns/Game: 44.1 | Avg Reward: -67.29 | Re-hits: 0
Update 63500/100000 | Loss: -0.0984 | Avg Turns/Game: 41.6 | Avg Reward: -52.40 | Re-hits: 0
Update 63600/100000 | Loss: -0.0549 | Avg Turns/Game: 42.9 | Avg Reward: -65.13 | Re-hits: 0
Update 63700/100000 | Loss: -0.0172 | Avg Turns/Game: 42.4 | Avg Reward: -58.72 | Re-hits: 0
Update 63800/100000 | Loss: -0.0466 | Avg Turns/Game: 41.7 | Avg Reward: -56.61 | Re-hits: 0
Update 63900/100000 | Loss: -0.0519 | Avg Turns/Game: 41.8 | Avg Reward: -58.13 | Re-hits: 0
Update 64000/100000 | Loss: 0.0020 | Avg Turns/Game: 43.3 | Avg Reward: -68.32 | Re-hits: 0
Update 64100/100000 | Loss: -0.0791 | Avg Turns/Game: 44.4 | Avg Reward: -68.46 | Re-hits: 0
Update 64200/100000 | Loss: -0.1904 | Avg Turns/Game: 43.7 | Avg Reward: -65.14 | Re-hits: 0
Update 64300/100000 | Loss: -0.0704 | Avg Turns/Game: 41.0 | Avg Reward: -49.25 | Re-hits: 0
Update 64400/100000 | Loss: -0.0096 | Avg Turns/Game: 44.0 | Avg Reward: -66.01 | Re-hits: 0
Update 64500/100000 | Loss: -0.0820 | Avg Turns/Game: 42.1 | Avg Reward: -55.64 | Re-hits: 0
Update 64600/100000 | Loss: -0.0220 | Avg Turns/Game: 44.9 | Avg Reward: -72.61 | Re-hits: 0
Update 64700/100000 | Loss: -0.4281 | Avg Turns/Game: 43.5 | Avg Reward: -61.26 | Re-hits: 0
Update 64800/100000 | Loss: -0.1130 | Avg Turns/Game: 43.1 | Avg Reward: -58.36 | Re-hits: 0
Update 64900/100000 | Loss: 0.0260 | Avg Turns/Game: 43.8 | Avg Reward: -63.58 | Re-hits: 0
Update 65000/100000 | Loss: 0.0437 | Avg Turns/Game: 42.8 | Avg Reward: -62.08 | Re-hits: 0
Update 65100/100000 | Loss: 0.0455 | Avg Turns/Game: 46.3 | Avg Reward: -78.69 | Re-hits: 0
Update 65200/100000 | Loss: -0.1280 | Avg Turns/Game: 44.4 | Avg Reward: -65.18 | Re-hits: 0
Update 65300/100000 | Loss: -0.0552 | Avg Turns/Game: 44.0 | Avg Reward: -64.72 | Re-hits: 0
Update 65400/100000 | Loss: -0.0943 | Avg Turns/Game: 43.2 | Avg Reward: -63.43 | Re-hits: 0
Update 65500/100000 | Loss: -0.1530 | Avg Turns/Game: 44.5 | Avg Reward: -66.21 | Re-hits: 0
Update 65600/100000 | Loss: 0.0253 | Avg Turns/Game: 42.5 | Avg Reward: -56.77 | Re-hits: 0
Update 65700/100000 | Loss: -0.0408 | Avg Turns/Game: 43.1 | Avg Reward: -62.39 | Re-hits: 0
Update 65800/100000 | Loss: -0.0426 | Avg Turns/Game: 42.4 | Avg Reward: -57.50 | Re-hits: 0
Update 65900/100000 | Loss: -0.1043 | Avg Turns/Game: 42.1 | Avg Reward: -56.07 | Re-hits: 0
Update 66000/100000 | Loss: -0.0834 | Avg Turns/Game: 42.6 | Avg Reward: -56.11 | Re-hits: 0
Update 66100/100000 | Loss: -0.0987 | Avg Turns/Game: 41.6 | Avg Reward: -54.32 | Re-hits: 0
Update 66200/100000 | Loss: -0.1645 | Avg Turns/Game: 43.4 | Avg Reward: -60.87 | Re-hits: 0
Update 66300/100000 | Loss: -0.0877 | Avg Turns/Game: 42.5 | Avg Reward: -59.20 | Re-hits: 0
Update 66400/100000 | Loss: -0.0629 | Avg Turns/Game: 42.6 | Avg Reward: -60.09 | Re-hits: 0
Update 66500/100000 | Loss: 0.0840 | Avg Turns/Game: 42.9 | Avg Reward: -59.85 | Re-hits: 0
Update 66600/100000 | Loss: -0.3052 | Avg Turns/Game: 43.2 | Avg Reward: -60.21 | Re-hits: 0
Update 66700/100000 | Loss: -0.1036 | Avg Turns/Game: 43.8 | Avg Reward: -61.57 | Re-hits: 0
Update 66800/100000 | Loss: -0.0548 | Avg Turns/Game: 45.5 | Avg Reward: -70.75 | Re-hits: 0
Update 66900/100000 | Loss: -0.0307 | Avg Turns/Game: 42.5 | Avg Reward: -62.52 | Re-hits: 0
Update 67000/100000 | Loss: -0.0402 | Avg Turns/Game: 41.9 | Avg Reward: -52.36 | Re-hits: 0
Update 67100/100000 | Loss: -0.0929 | Avg Turns/Game: 41.6 | Avg Reward: -55.12 | Re-hits: 0
Update 67200/100000 | Loss: -0.0397 | Avg Turns/Game: 42.4 | Avg Reward: -57.37 | Re-hits: 0
Update 67300/100000 | Loss: -0.0510 | Avg Turns/Game: 44.0 | Avg Reward: -61.58 | Re-hits: 0
Update 67400/100000 | Loss: 0.0208 | Avg Turns/Game: 42.5 | Avg Reward: -55.58 | Re-hits: 0
Update 67500/100000 | Loss: -0.1162 | Avg Turns/Game: 42.3 | Avg Reward: -51.91 | Re-hits: 0
Update 67600/100000 | Loss: -0.3605 | Avg Turns/Game: 42.7 | Avg Reward: -60.33 | Re-hits: 0
Update 67700/100000 | Loss: -0.1395 | Avg Turns/Game: 43.0 | Avg Reward: -58.29 | Re-hits: 0
Update 67800/100000 | Loss: -0.1093 | Avg Turns/Game: 43.8 | Avg Reward: -66.67 | Re-hits: 0
Update 67900/100000 | Loss: -0.0619 | Avg Turns/Game: 44.0 | Avg Reward: -64.20 | Re-hits: 0
Update 68000/100000 | Loss: -0.0988 | Avg Turns/Game: 43.3 | Avg Reward: -60.26 | Re-hits: 0
Update 68100/100000 | Loss: -0.0999 | Avg Turns/Game: 43.1 | Avg Reward: -61.05 | Re-hits: 0
Update 68200/100000 | Loss: -0.1139 | Avg Turns/Game: 42.4 | Avg Reward: -62.13 | Re-hits: 0
Update 68300/100000 | Loss: -0.0330 | Avg Turns/Game: 43.8 | Avg Reward: -61.57 | Re-hits: 0
Update 68400/100000 | Loss: -0.1380 | Avg Turns/Game: 42.6 | Avg Reward: -58.90 | Re-hits: 0
Update 68500/100000 | Loss: -0.0208 | Avg Turns/Game: 42.5 | Avg Reward: -57.42 | Re-hits: 0
Update 68600/100000 | Loss: -0.0809 | Avg Turns/Game: 43.0 | Avg Reward: -59.56 | Re-hits: 0
Update 68700/100000 | Loss: -0.0573 | Avg Turns/Game: 43.4 | Avg Reward: -63.17 | Re-hits: 0
Update 68800/100000 | Loss: -0.1513 | Avg Turns/Game: 43.6 | Avg Reward: -64.03 | Re-hits: 0
Update 68900/100000 | Loss: 0.0246 | Avg Turns/Game: 41.6 | Avg Reward: -52.05 | Re-hits: 0
Update 69000/100000 | Loss: -0.0894 | Avg Turns/Game: 42.4 | Avg Reward: -56.46 | Re-hits: 0
Update 69100/100000 | Loss: -0.1108 | Avg Turns/Game: 42.2 | Avg Reward: -56.17 | Re-hits: 0
Update 69200/100000 | Loss: -0.0531 | Avg Turns/Game: 41.3 | Avg Reward: -52.63 | Re-hits: 0
Update 69300/100000 | Loss: 0.0676 | Avg Turns/Game: 42.6 | Avg Reward: -56.46 | Re-hits: 0
Update 69400/100000 | Loss: -0.2006 | Avg Turns/Game: 42.1 | Avg Reward: -56.11 | Re-hits: 0
Update 69500/100000 | Loss: -0.0264 | Avg Turns/Game: 41.5 | Avg Reward: -58.21 | Re-hits: 0
Update 69600/100000 | Loss: -0.1000 | Avg Turns/Game: 41.9 | Avg Reward: -53.64 | Re-hits: 0
Update 69700/100000 | Loss: -0.0871 | Avg Turns/Game: 42.2 | Avg Reward: -54.53 | Re-hits: 0
Update 69800/100000 | Loss: 0.0104 | Avg Turns/Game: 42.4 | Avg Reward: -52.70 | Re-hits: 0
Update 69900/100000 | Loss: -0.1024 | Avg Turns/Game: 43.6 | Avg Reward: -64.48 | Re-hits: 0
Update 70000/100000 | Loss: -0.0941 | Avg Turns/Game: 45.0 | Avg Reward: -69.45 | Re-hits: 0
Update 70100/100000 | Loss: -0.0740 | Avg Turns/Game: 42.1 | Avg Reward: -60.73 | Re-hits: 0
Update 70200/100000 | Loss: -0.1219 | Avg Turns/Game: 43.9 | Avg Reward: -64.61 | Re-hits: 0
Update 70300/100000 | Loss: -0.1564 | Avg Turns/Game: 42.9 | Avg Reward: -58.86 | Re-hits: 0
Update 70400/100000 | Loss: -0.1138 | Avg Turns/Game: 43.9 | Avg Reward: -63.82 | Re-hits: 0
Update 70500/100000 | Loss: -0.0732 | Avg Turns/Game: 43.3 | Avg Reward: -61.86 | Re-hits: 0
Update 70600/100000 | Loss: -0.0668 | Avg Turns/Game: 42.2 | Avg Reward: -64.95 | Re-hits: 0
Update 70700/100000 | Loss: -0.1206 | Avg Turns/Game: 42.5 | Avg Reward: -61.29 | Re-hits: 0
Update 70800/100000 | Loss: 0.1304 | Avg Turns/Game: 41.3 | Avg Reward: -49.81 | Re-hits: 0
Update 70900/100000 | Loss: -0.0814 | Avg Turns/Game: 41.4 | Avg Reward: -53.98 | Re-hits: 0
Update 71000/100000 | Loss: -0.0677 | Avg Turns/Game: 42.1 | Avg Reward: -51.88 | Re-hits: 0
Update 71100/100000 | Loss: -0.0379 | Avg Turns/Game: 42.7 | Avg Reward: -59.03 | Re-hits: 0
Update 71200/100000 | Loss: -0.1174 | Avg Turns/Game: 43.0 | Avg Reward: -56.55 | Re-hits: 0
Update 71300/100000 | Loss: -0.0303 | Avg Turns/Game: 40.4 | Avg Reward: -45.21 | Re-hits: 0
Update 71400/100000 | Loss: 0.0503 | Avg Turns/Game: 43.5 | Avg Reward: -66.04 | Re-hits: 0
Update 71500/100000 | Loss: -0.1276 | Avg Turns/Game: 44.8 | Avg Reward: -70.48 | Re-hits: 0
Update 71600/100000 | Loss: -0.0380 | Avg Turns/Game: 42.3 | Avg Reward: -59.93 | Re-hits: 0
Update 71700/100000 | Loss: -0.2664 | Avg Turns/Game: 42.3 | Avg Reward: -56.31 | Re-hits: 0
Update 71800/100000 | Loss: -0.1501 | Avg Turns/Game: 43.5 | Avg Reward: -65.28 | Re-hits: 0
Update 71900/100000 | Loss: -0.0819 | Avg Turns/Game: 43.5 | Avg Reward: -73.08 | Re-hits: 0
Update 72000/100000 | Loss: -0.1547 | Avg Turns/Game: 44.9 | Avg Reward: -69.89 | Re-hits: 0
Update 72100/100000 | Loss: -0.0682 | Avg Turns/Game: 41.4 | Avg Reward: -55.93 | Re-hits: 0
Update 72200/100000 | Loss: -0.0006 | Avg Turns/Game: 43.1 | Avg Reward: -64.90 | Re-hits: 0
Update 72300/100000 | Loss: -0.0712 | Avg Turns/Game: 43.1 | Avg Reward: -62.70 | Re-hits: 0
Update 72400/100000 | Loss: -0.0887 | Avg Turns/Game: 41.3 | Avg Reward: -49.76 | Re-hits: 0
Update 72500/100000 | Loss: 0.0400 | Avg Turns/Game: 43.0 | Avg Reward: -59.76 | Re-hits: 0
Update 72600/100000 | Loss: -0.1352 | Avg Turns/Game: 43.9 | Avg Reward: -64.72 | Re-hits: 0
Update 72700/100000 | Loss: -0.0143 | Avg Turns/Game: 43.7 | Avg Reward: -62.05 | Re-hits: 0
Update 72800/100000 | Loss: 0.1616 | Avg Turns/Game: 43.2 | Avg Reward: -61.25 | Re-hits: 0
Update 72900/100000 | Loss: 0.0544 | Avg Turns/Game: 40.9 | Avg Reward: -48.85 | Re-hits: 0
Update 73000/100000 | Loss: -0.1609 | Avg Turns/Game: 43.5 | Avg Reward: -58.93 | Re-hits: 0
Update 73100/100000 | Loss: 0.0157 | Avg Turns/Game: 43.2 | Avg Reward: -66.75 | Re-hits: 0
Update 73200/100000 | Loss: -0.0686 | Avg Turns/Game: 42.8 | Avg Reward: -62.01 | Re-hits: 0
Update 73300/100000 | Loss: -0.0997 | Avg Turns/Game: 41.8 | Avg Reward: -55.09 | Re-hits: 0
Update 73400/100000 | Loss: 0.0382 | Avg Turns/Game: 41.6 | Avg Reward: -56.14 | Re-hits: 0
Update 73500/100000 | Loss: -0.0709 | Avg Turns/Game: 44.1 | Avg Reward: -64.49 | Re-hits: 0
Update 73600/100000 | Loss: -0.0725 | Avg Turns/Game: 43.1 | Avg Reward: -61.42 | Re-hits: 0
Update 73700/100000 | Loss: -0.1438 | Avg Turns/Game: 44.5 | Avg Reward: -64.42 | Re-hits: 0
Update 73800/100000 | Loss: 0.0590 | Avg Turns/Game: 42.6 | Avg Reward: -56.47 | Re-hits: 0
Update 73900/100000 | Loss: -0.1687 | Avg Turns/Game: 43.2 | Avg Reward: -58.90 | Re-hits: 0
Update 74000/100000 | Loss: -0.1187 | Avg Turns/Game: 44.5 | Avg Reward: -66.67 | Re-hits: 0
Update 74100/100000 | Loss: -0.2254 | Avg Turns/Game: 42.2 | Avg Reward: -55.32 | Re-hits: 0
Update 74200/100000 | Loss: -0.1017 | Avg Turns/Game: 43.3 | Avg Reward: -63.05 | Re-hits: 0
Update 74300/100000 | Loss: -0.0751 | Avg Turns/Game: 42.5 | Avg Reward: -62.61 | Re-hits: 0
Update 74400/100000 | Loss: -0.0409 | Avg Turns/Game: 44.2 | Avg Reward: -67.96 | Re-hits: 0
Update 74500/100000 | Loss: -0.1812 | Avg Turns/Game: 44.1 | Avg Reward: -67.74 | Re-hits: 0
Update 74600/100000 | Loss: -0.0561 | Avg Turns/Game: 44.2 | Avg Reward: -67.59 | Re-hits: 0
Update 74700/100000 | Loss: 0.0084 | Avg Turns/Game: 42.2 | Avg Reward: -56.58 | Re-hits: 0
Update 74800/100000 | Loss: -0.0726 | Avg Turns/Game: 41.5 | Avg Reward: -52.27 | Re-hits: 0
Update 74900/100000 | Loss: -0.0601 | Avg Turns/Game: 41.1 | Avg Reward: -46.09 | Re-hits: 0
Update 75000/100000 | Loss: -0.1419 | Avg Turns/Game: 43.8 | Avg Reward: -65.10 | Re-hits: 0
Update 75100/100000 | Loss: -0.0075 | Avg Turns/Game: 43.0 | Avg Reward: -58.25 | Re-hits: 0
Update 75200/100000 | Loss: 0.0302 | Avg Turns/Game: 43.7 | Avg Reward: -74.94 | Re-hits: 0
Update 75300/100000 | Loss: -0.0079 | Avg Turns/Game: 43.7 | Avg Reward: -61.31 | Re-hits: 0
Update 75400/100000 | Loss: -0.0019 | Avg Turns/Game: 43.3 | Avg Reward: -61.89 | Re-hits: 0
Update 75500/100000 | Loss: -0.0478 | Avg Turns/Game: 41.6 | Avg Reward: -56.44 | Re-hits: 0
Update 75600/100000 | Loss: -0.0568 | Avg Turns/Game: 43.9 | Avg Reward: -63.81 | Re-hits: 0
Update 75700/100000 | Loss: -0.0418 | Avg Turns/Game: 45.1 | Avg Reward: -69.12 | Re-hits: 0
Update 75800/100000 | Loss: -0.0576 | Avg Turns/Game: 41.9 | Avg Reward: -55.34 | Re-hits: 0
Update 75900/100000 | Loss: -0.1651 | Avg Turns/Game: 42.5 | Avg Reward: -58.36 | Re-hits: 0
Update 76000/100000 | Loss: 0.0248 | Avg Turns/Game: 42.5 | Avg Reward: -56.42 | Re-hits: 0
Update 76100/100000 | Loss: -0.0486 | Avg Turns/Game: 42.4 | Avg Reward: -55.13 | Re-hits: 0
Update 76200/100000 | Loss: -0.2919 | Avg Turns/Game: 42.0 | Avg Reward: -58.70 | Re-hits: 0
Update 76300/100000 | Loss: -0.1203 | Avg Turns/Game: 42.2 | Avg Reward: -56.46 | Re-hits: 0
Update 76400/100000 | Loss: -0.0166 | Avg Turns/Game: 42.5 | Avg Reward: -58.84 | Re-hits: 0
Update 76500/100000 | Loss: -0.2471 | Avg Turns/Game: 41.8 | Avg Reward: -55.20 | Re-hits: 0
Update 76600/100000 | Loss: -0.1008 | Avg Turns/Game: 42.3 | Avg Reward: -60.10 | Re-hits: 0
Update 76700/100000 | Loss: -0.0151 | Avg Turns/Game: 41.2 | Avg Reward: -48.35 | Re-hits: 0
Update 76800/100000 | Loss: 0.0576 | Avg Turns/Game: 42.9 | Avg Reward: -60.44 | Re-hits: 0
Update 76900/100000 | Loss: 0.0750 | Avg Turns/Game: 42.2 | Avg Reward: -57.21 | Re-hits: 0
Update 77000/100000 | Loss: -0.0898 | Avg Turns/Game: 42.1 | Avg Reward: -57.43 | Re-hits: 0
Update 77100/100000 | Loss: -0.0344 | Avg Turns/Game: 43.4 | Avg Reward: -62.78 | Re-hits: 0
Update 77200/100000 | Loss: -0.0713 | Avg Turns/Game: 44.5 | Avg Reward: -68.89 | Re-hits: 0
Update 77300/100000 | Loss: -0.1059 | Avg Turns/Game: 43.0 | Avg Reward: -57.68 | Re-hits: 0
Update 77400/100000 | Loss: -0.1156 | Avg Turns/Game: 42.7 | Avg Reward: -57.99 | Re-hits: 0
Update 77500/100000 | Loss: -0.0162 | Avg Turns/Game: 40.3 | Avg Reward: -48.66 | Re-hits: 0
Update 77600/100000 | Loss: -0.1271 | Avg Turns/Game: 43.4 | Avg Reward: -62.96 | Re-hits: 0
Update 77700/100000 | Loss: 0.1377 | Avg Turns/Game: 42.4 | Avg Reward: -55.94 | Re-hits: 0
Update 77800/100000 | Loss: -0.0206 | Avg Turns/Game: 41.4 | Avg Reward: -48.75 | Re-hits: 0
Update 77900/100000 | Loss: -0.0272 | Avg Turns/Game: 41.5 | Avg Reward: -52.05 | Re-hits: 0
Update 78000/100000 | Loss: 0.0809 | Avg Turns/Game: 42.6 | Avg Reward: -56.89 | Re-hits: 0
Update 78100/100000 | Loss: -0.0324 | Avg Turns/Game: 42.3 | Avg Reward: -55.66 | Re-hits: 0
Update 78200/100000 | Loss: -0.0176 | Avg Turns/Game: 42.6 | Avg Reward: -60.26 | Re-hits: 0
Update 78300/100000 | Loss: -0.1285 | Avg Turns/Game: 41.3 | Avg Reward: -54.22 | Re-hits: 0
Update 78400/100000 | Loss: -0.1307 | Avg Turns/Game: 43.3 | Avg Reward: -60.21 | Re-hits: 0
Update 78500/100000 | Loss: -0.1493 | Avg Turns/Game: 42.2 | Avg Reward: -59.19 | Re-hits: 0
Update 78600/100000 | Loss: -0.0059 | Avg Turns/Game: 43.4 | Avg Reward: -61.88 | Re-hits: 0
Update 78700/100000 | Loss: -0.0395 | Avg Turns/Game: 41.9 | Avg Reward: -54.13 | Re-hits: 0
Update 78800/100000 | Loss: -0.1920 | Avg Turns/Game: 43.9 | Avg Reward: -63.50 | Re-hits: 0
Update 78900/100000 | Loss: -0.0636 | Avg Turns/Game: 43.0 | Avg Reward: -64.02 | Re-hits: 0
Update 79000/100000 | Loss: -0.1137 | Avg Turns/Game: 42.9 | Avg Reward: -59.56 | Re-hits: 0
Update 79100/100000 | Loss: -0.1498 | Avg Turns/Game: 41.7 | Avg Reward: -52.03 | Re-hits: 0
Update 79200/100000 | Loss: -0.0252 | Avg Turns/Game: 41.8 | Avg Reward: -55.86 | Re-hits: 0
Update 79300/100000 | Loss: -0.0312 | Avg Turns/Game: 42.3 | Avg Reward: -57.67 | Re-hits: 0
Update 79400/100000 | Loss: 0.0393 | Avg Turns/Game: 43.3 | Avg Reward: -60.54 | Re-hits: 0
Update 79500/100000 | Loss: -0.0840 | Avg Turns/Game: 44.2 | Avg Reward: -64.97 | Re-hits: 0
Update 79600/100000 | Loss: 0.0235 | Avg Turns/Game: 43.9 | Avg Reward: -63.17 | Re-hits: 0
Update 79700/100000 | Loss: -0.0007 | Avg Turns/Game: 43.3 | Avg Reward: -65.25 | Re-hits: 0
Update 79800/100000 | Loss: 0.0005 | Avg Turns/Game: 40.7 | Avg Reward: -51.95 | Re-hits: 0
Update 79900/100000 | Loss: 0.0001 | Avg Turns/Game: 43.8 | Avg Reward: -68.34 | Re-hits: 0
Update 80000/100000 | Loss: 0.0367 | Avg Turns/Game: 42.5 | Avg Reward: -59.97 | Re-hits: 0
Update 80100/100000 | Loss: 0.0602 | Avg Turns/Game: 43.7 | Avg Reward: -62.68 | Re-hits: 0
Update 80200/100000 | Loss: -0.0858 | Avg Turns/Game: 42.5 | Avg Reward: -62.27 | Re-hits: 0
Update 80300/100000 | Loss: -0.0124 | Avg Turns/Game: 43.4 | Avg Reward: -62.86 | Re-hits: 0
Update 80400/100000 | Loss: -0.0002 | Avg Turns/Game: 43.0 | Avg Reward: -62.68 | Re-hits: 0
Update 80500/100000 | Loss: -0.0108 | Avg Turns/Game: 43.0 | Avg Reward: -60.50 | Re-hits: 0
Update 80600/100000 | Loss: -0.1517 | Avg Turns/Game: 43.3 | Avg Reward: -63.52 | Re-hits: 0
Update 80700/100000 | Loss: -0.1168 | Avg Turns/Game: 42.9 | Avg Reward: -60.37 | Re-hits: 0
Update 80800/100000 | Loss: 0.0260 | Avg Turns/Game: 43.1 | Avg Reward: -62.87 | Re-hits: 0
Update 80900/100000 | Loss: -0.0794 | Avg Turns/Game: 43.1 | Avg Reward: -62.86 | Re-hits: 0
Update 81000/100000 | Loss: -0.0482 | Avg Turns/Game: 40.5 | Avg Reward: -51.38 | Re-hits: 0
Update 81100/100000 | Loss: -0.0626 | Avg Turns/Game: 43.4 | Avg Reward: -71.99 | Re-hits: 0
Update 81200/100000 | Loss: -0.0080 | Avg Turns/Game: 41.8 | Avg Reward: -52.86 | Re-hits: 0
Update 81300/100000 | Loss: -0.0282 | Avg Turns/Game: 40.9 | Avg Reward: -50.92 | Re-hits: 0
Update 81400/100000 | Loss: 0.0349 | Avg Turns/Game: 41.5 | Avg Reward: -53.14 | Re-hits: 0
Update 81500/100000 | Loss: -0.0996 | Avg Turns/Game: 42.6 | Avg Reward: -58.81 | Re-hits: 0
Update 81600/100000 | Loss: -0.1357 | Avg Turns/Game: 41.8 | Avg Reward: -56.58 | Re-hits: 0
Update 81700/100000 | Loss: -0.1272 | Avg Turns/Game: 42.8 | Avg Reward: -60.05 | Re-hits: 0
Update 81800/100000 | Loss: 0.0296 | Avg Turns/Game: 41.0 | Avg Reward: -49.55 | Re-hits: 0
Update 81900/100000 | Loss: -0.0469 | Avg Turns/Game: 41.6 | Avg Reward: -47.75 | Re-hits: 0
Update 82000/100000 | Loss: -0.0437 | Avg Turns/Game: 42.9 | Avg Reward: -64.62 | Re-hits: 0
Update 82100/100000 | Loss: -0.0629 | Avg Turns/Game: 44.1 | Avg Reward: -63.85 | Re-hits: 0
Update 82200/100000 | Loss: -0.0637 | Avg Turns/Game: 41.6 | Avg Reward: -55.04 | Re-hits: 0
Update 82300/100000 | Loss: -0.1155 | Avg Turns/Game: 42.0 | Avg Reward: -60.41 | Re-hits: 0
Update 82400/100000 | Loss: -0.0254 | Avg Turns/Game: 42.2 | Avg Reward: -55.41 | Re-hits: 0
Update 82500/100000 | Loss: -0.1008 | Avg Turns/Game: 41.7 | Avg Reward: -53.68 | Re-hits: 0
Update 82600/100000 | Loss: -0.1109 | Avg Turns/Game: 42.2 | Avg Reward: -55.90 | Re-hits: 0
Update 82700/100000 | Loss: -0.0458 | Avg Turns/Game: 42.6 | Avg Reward: -58.28 | Re-hits: 0
Update 82800/100000 | Loss: -0.0658 | Avg Turns/Game: 42.9 | Avg Reward: -61.07 | Re-hits: 0
Update 82900/100000 | Loss: -0.1409 | Avg Turns/Game: 43.1 | Avg Reward: -57.42 | Re-hits: 0
Update 83000/100000 | Loss: -0.1614 | Avg Turns/Game: 41.9 | Avg Reward: -52.86 | Re-hits: 0
Update 83100/100000 | Loss: -0.1326 | Avg Turns/Game: 43.1 | Avg Reward: -61.54 | Re-hits: 0
Update 83200/100000 | Loss: 0.0087 | Avg Turns/Game: 42.7 | Avg Reward: -61.57 | Re-hits: 0
Update 83300/100000 | Loss: -0.0201 | Avg Turns/Game: 41.4 | Avg Reward: -52.38 | Re-hits: 0
Update 83400/100000 | Loss: -0.0581 | Avg Turns/Game: 43.9 | Avg Reward: -70.97 | Re-hits: 0
Update 83500/100000 | Loss: 0.0187 | Avg Turns/Game: 40.7 | Avg Reward: -47.83 | Re-hits: 0
Update 83600/100000 | Loss: -0.0336 | Avg Turns/Game: 43.1 | Avg Reward: -59.19 | Re-hits: 0
Update 83700/100000 | Loss: -0.0021 | Avg Turns/Game: 43.2 | Avg Reward: -63.24 | Re-hits: 0
Update 83800/100000 | Loss: -0.1280 | Avg Turns/Game: 42.8 | Avg Reward: -58.41 | Re-hits: 0
Update 83900/100000 | Loss: 0.0339 | Avg Turns/Game: 42.6 | Avg Reward: -57.00 | Re-hits: 0
Update 84000/100000 | Loss: 0.0175 | Avg Turns/Game: 43.3 | Avg Reward: -61.21 | Re-hits: 0
Update 84100/100000 | Loss: -0.0703 | Avg Turns/Game: 41.4 | Avg Reward: -52.09 | Re-hits: 0
Update 84200/100000 | Loss: -0.0232 | Avg Turns/Game: 42.2 | Avg Reward: -56.37 | Re-hits: 0
Update 84300/100000 | Loss: -0.3958 | Avg Turns/Game: 42.3 | Avg Reward: -53.88 | Re-hits: 0
Update 84400/100000 | Loss: -0.0665 | Avg Turns/Game: 42.1 | Avg Reward: -57.02 | Re-hits: 0
Update 84500/100000 | Loss: -0.1902 | Avg Turns/Game: 42.2 | Avg Reward: -55.64 | Re-hits: 0
Update 84600/100000 | Loss: -0.0092 | Avg Turns/Game: 42.3 | Avg Reward: -56.49 | Re-hits: 0
Update 84700/100000 | Loss: 0.1020 | Avg Turns/Game: 44.1 | Avg Reward: -64.81 | Re-hits: 0
Update 84800/100000 | Loss: -0.1114 | Avg Turns/Game: 41.9 | Avg Reward: -61.68 | Re-hits: 0
Update 84900/100000 | Loss: -0.0940 | Avg Turns/Game: 42.7 | Avg Reward: -64.18 | Re-hits: 0
Update 85000/100000 | Loss: -0.0194 | Avg Turns/Game: 43.3 | Avg Reward: -59.08 | Re-hits: 0
Update 85100/100000 | Loss: -0.0735 | Avg Turns/Game: 44.6 | Avg Reward: -71.32 | Re-hits: 0
Update 85200/100000 | Loss: -0.2218 | Avg Turns/Game: 42.1 | Avg Reward: -55.29 | Re-hits: 0
Update 85300/100000 | Loss: 0.2214 | Avg Turns/Game: 42.4 | Avg Reward: -59.28 | Re-hits: 0
Update 85400/100000 | Loss: -0.1977 | Avg Turns/Game: 42.9 | Avg Reward: -62.29 | Re-hits: 0
Update 85500/100000 | Loss: -0.1098 | Avg Turns/Game: 43.2 | Avg Reward: -62.95 | Re-hits: 0
Update 85600/100000 | Loss: -0.1331 | Avg Turns/Game: 44.4 | Avg Reward: -64.47 | Re-hits: 0
Update 85700/100000 | Loss: 0.0387 | Avg Turns/Game: 42.8 | Avg Reward: -58.95 | Re-hits: 0
Update 85800/100000 | Loss: -0.0267 | Avg Turns/Game: 42.0 | Avg Reward: -57.30 | Re-hits: 0
Update 85900/100000 | Loss: -0.0225 | Avg Turns/Game: 42.7 | Avg Reward: -62.12 | Re-hits: 0
Update 86000/100000 | Loss: -0.0188 | Avg Turns/Game: 44.2 | Avg Reward: -73.72 | Re-hits: 0
Update 86100/100000 | Loss: -0.0345 | Avg Turns/Game: 43.3 | Avg Reward: -62.87 | Re-hits: 0
Update 86200/100000 | Loss: -0.0195 | Avg Turns/Game: 41.8 | Avg Reward: -52.73 | Re-hits: 0
Update 86300/100000 | Loss: -0.0148 | Avg Turns/Game: 41.0 | Avg Reward: -47.20 | Re-hits: 0
Update 86400/100000 | Loss: -0.0384 | Avg Turns/Game: 42.9 | Avg Reward: -61.31 | Re-hits: 0
Update 86500/100000 | Loss: -0.0359 | Avg Turns/Game: 42.4 | Avg Reward: -55.27 | Re-hits: 0
Update 86600/100000 | Loss: -0.0300 | Avg Turns/Game: 41.8 | Avg Reward: -53.26 | Re-hits: 0
Update 86700/100000 | Loss: -0.0538 | Avg Turns/Game: 42.6 | Avg Reward: -57.72 | Re-hits: 0
Update 86800/100000 | Loss: 0.0773 | Avg Turns/Game: 43.9 | Avg Reward: -63.60 | Re-hits: 0
Update 86900/100000 | Loss: -0.0239 | Avg Turns/Game: 41.3 | Avg Reward: -52.08 | Re-hits: 0
Update 87000/100000 | Loss: -0.1606 | Avg Turns/Game: 41.8 | Avg Reward: -53.12 | Re-hits: 0
Update 87100/100000 | Loss: -0.0423 | Avg Turns/Game: 41.9 | Avg Reward: -54.43 | Re-hits: 0
Update 87200/100000 | Loss: -0.0806 | Avg Turns/Game: 41.2 | Avg Reward: -50.82 | Re-hits: 0
Update 87300/100000 | Loss: -0.1210 | Avg Turns/Game: 42.1 | Avg Reward: -52.54 | Re-hits: 0
Update 87400/100000 | Loss: -0.1305 | Avg Turns/Game: 42.0 | Avg Reward: -58.36 | Re-hits: 0
Update 87500/100000 | Loss: -0.0661 | Avg Turns/Game: 42.6 | Avg Reward: -55.74 | Re-hits: 0
Update 87600/100000 | Loss: -0.0483 | Avg Turns/Game: 42.1 | Avg Reward: -53.51 | Re-hits: 0
Update 87700/100000 | Loss: -0.0302 | Avg Turns/Game: 43.3 | Avg Reward: -65.28 | Re-hits: 0
Update 87800/100000 | Loss: 0.1421 | Avg Turns/Game: 43.8 | Avg Reward: -66.19 | Re-hits: 0
Update 87900/100000 | Loss: -0.1346 | Avg Turns/Game: 41.3 | Avg Reward: -50.87 | Re-hits: 0
Update 88000/100000 | Loss: -0.0344 | Avg Turns/Game: 44.0 | Avg Reward: -65.09 | Re-hits: 0
Update 88100/100000 | Loss: -0.0736 | Avg Turns/Game: 41.8 | Avg Reward: -52.60 | Re-hits: 0
Update 88200/100000 | Loss: -0.0930 | Avg Turns/Game: 42.6 | Avg Reward: -55.08 | Re-hits: 0
Update 88300/100000 | Loss: -0.0496 | Avg Turns/Game: 43.2 | Avg Reward: -64.05 | Re-hits: 0
Update 88400/100000 | Loss: 0.0410 | Avg Turns/Game: 41.4 | Avg Reward: -53.73 | Re-hits: 0
Update 88500/100000 | Loss: -0.3633 | Avg Turns/Game: 41.3 | Avg Reward: -50.66 | Re-hits: 0
Update 88600/100000 | Loss: -0.0967 | Avg Turns/Game: 42.4 | Avg Reward: -59.70 | Re-hits: 0
Update 88700/100000 | Loss: -0.0437 | Avg Turns/Game: 41.8 | Avg Reward: -61.16 | Re-hits: 0
Update 88800/100000 | Loss: 0.0125 | Avg Turns/Game: 42.8 | Avg Reward: -59.06 | Re-hits: 0
Update 88900/100000 | Loss: 0.1018 | Avg Turns/Game: 43.3 | Avg Reward: -58.46 | Re-hits: 0
Update 89000/100000 | Loss: -0.1226 | Avg Turns/Game: 43.0 | Avg Reward: -61.29 | Re-hits: 0
Update 89100/100000 | Loss: -0.1100 | Avg Turns/Game: 42.7 | Avg Reward: -64.98 | Re-hits: 0
Update 89200/100000 | Loss: -0.0475 | Avg Turns/Game: 41.8 | Avg Reward: -55.50 | Re-hits: 0
Update 89300/100000 | Loss: -0.1144 | Avg Turns/Game: 41.2 | Avg Reward: -53.38 | Re-hits: 0
Update 89400/100000 | Loss: -0.1660 | Avg Turns/Game: 40.9 | Avg Reward: -47.70 | Re-hits: 0
Update 89500/100000 | Loss: -0.0192 | Avg Turns/Game: 43.9 | Avg Reward: -65.69 | Re-hits: 0
Update 89600/100000 | Loss: -0.1077 | Avg Turns/Game: 42.3 | Avg Reward: -56.66 | Re-hits: 0
Update 89700/100000 | Loss: 0.1631 | Avg Turns/Game: 41.3 | Avg Reward: -52.43 | Re-hits: 0
Update 89800/100000 | Loss: -0.0159 | Avg Turns/Game: 43.4 | Avg Reward: -62.77 | Re-hits: 0
Update 89900/100000 | Loss: -0.1261 | Avg Turns/Game: 42.1 | Avg Reward: -56.26 | Re-hits: 0
Update 90000/100000 | Loss: -0.0741 | Avg Turns/Game: 43.4 | Avg Reward: -61.75 | Re-hits: 0
Update 90100/100000 | Loss: -0.0445 | Avg Turns/Game: 43.2 | Avg Reward: -60.12 | Re-hits: 0
Update 90200/100000 | Loss: -0.1064 | Avg Turns/Game: 41.8 | Avg Reward: -53.16 | Re-hits: 0
Update 90300/100000 | Loss: -0.0295 | Avg Turns/Game: 43.0 | Avg Reward: -60.39 | Re-hits: 0
Update 90400/100000 | Loss: -0.0394 | Avg Turns/Game: 43.0 | Avg Reward: -60.06 | Re-hits: 0
Update 90500/100000 | Loss: -0.0030 | Avg Turns/Game: 44.2 | Avg Reward: -69.52 | Re-hits: 0
Update 90600/100000 | Loss: -0.2307 | Avg Turns/Game: 44.1 | Avg Reward: -68.36 | Re-hits: 0
Update 90700/100000 | Loss: 0.0884 | Avg Turns/Game: 44.0 | Avg Reward: -68.91 | Re-hits: 0
Update 90800/100000 | Loss: -0.1418 | Avg Turns/Game: 41.3 | Avg Reward: -54.54 | Re-hits: 0
Update 90900/100000 | Loss: -0.0330 | Avg Turns/Game: 42.9 | Avg Reward: -62.90 | Re-hits: 0
Update 91000/100000 | Loss: -0.1582 | Avg Turns/Game: 43.3 | Avg Reward: -60.52 | Re-hits: 0
Update 91100/100000 | Loss: -0.0958 | Avg Turns/Game: 44.4 | Avg Reward: -65.28 | Re-hits: 0
Update 91200/100000 | Loss: -0.1215 | Avg Turns/Game: 44.0 | Avg Reward: -64.03 | Re-hits: 0
Update 91300/100000 | Loss: -0.0869 | Avg Turns/Game: 41.9 | Avg Reward: -55.47 | Re-hits: 0
Update 91400/100000 | Loss: -0.0997 | Avg Turns/Game: 43.3 | Avg Reward: -60.53 | Re-hits: 0
Update 91500/100000 | Loss: -0.0218 | Avg Turns/Game: 42.6 | Avg Reward: -55.42 | Re-hits: 0
Update 91600/100000 | Loss: -0.0527 | Avg Turns/Game: 42.9 | Avg Reward: -57.34 | Re-hits: 0
Update 91700/100000 | Loss: -0.0062 | Avg Turns/Game: 42.5 | Avg Reward: -59.45 | Re-hits: 0
Update 91800/100000 | Loss: -0.2492 | Avg Turns/Game: 42.2 | Avg Reward: -59.04 | Re-hits: 0
Update 91900/100000 | Loss: -0.1540 | Avg Turns/Game: 45.0 | Avg Reward: -66.80 | Re-hits: 0
Update 92000/100000 | Loss: -0.0650 | Avg Turns/Game: 43.8 | Avg Reward: -66.49 | Re-hits: 0
Update 92100/100000 | Loss: -0.1143 | Avg Turns/Game: 43.2 | Avg Reward: -65.33 | Re-hits: 0
Update 92200/100000 | Loss: -0.0683 | Avg Turns/Game: 42.8 | Avg Reward: -58.53 | Re-hits: 0
Update 92300/100000 | Loss: -0.0979 | Avg Turns/Game: 41.2 | Avg Reward: -48.91 | Re-hits: 0
Update 92400/100000 | Loss: -0.0110 | Avg Turns/Game: 43.4 | Avg Reward: -61.30 | Re-hits: 0
Update 92500/100000 | Loss: -0.0731 | Avg Turns/Game: 41.2 | Avg Reward: -54.62 | Re-hits: 0
Update 92600/100000 | Loss: -0.0880 | Avg Turns/Game: 43.4 | Avg Reward: -67.61 | Re-hits: 0
Update 92700/100000 | Loss: 0.0364 | Avg Turns/Game: 42.2 | Avg Reward: -58.03 | Re-hits: 0
Update 92800/100000 | Loss: -0.0894 | Avg Turns/Game: 42.6 | Avg Reward: -56.89 | Re-hits: 0
Update 92900/100000 | Loss: -0.0881 | Avg Turns/Game: 42.2 | Avg Reward: -54.20 | Re-hits: 0
Update 93000/100000 | Loss: -0.0694 | Avg Turns/Game: 41.2 | Avg Reward: -50.27 | Re-hits: 0
Update 93100/100000 | Loss: -0.0033 | Avg Turns/Game: 41.6 | Avg Reward: -52.15 | Re-hits: 0
Update 93200/100000 | Loss: -0.0536 | Avg Turns/Game: 42.8 | Avg Reward: -61.59 | Re-hits: 0
Update 93300/100000 | Loss: -0.1308 | Avg Turns/Game: 42.8 | Avg Reward: -61.53 | Re-hits: 0
Update 93400/100000 | Loss: -0.2748 | Avg Turns/Game: 42.7 | Avg Reward: -61.08 | Re-hits: 0
Update 93500/100000 | Loss: -0.1274 | Avg Turns/Game: 41.7 | Avg Reward: -51.49 | Re-hits: 0
Update 93600/100000 | Loss: -0.0538 | Avg Turns/Game: 42.5 | Avg Reward: -56.49 | Re-hits: 0
Update 93700/100000 | Loss: -0.0341 | Avg Turns/Game: 42.0 | Avg Reward: -54.53 | Re-hits: 0
Update 93800/100000 | Loss: 0.0591 | Avg Turns/Game: 41.6 | Avg Reward: -52.91 | Re-hits: 0
Update 93900/100000 | Loss: -0.0705 | Avg Turns/Game: 41.8 | Avg Reward: -49.42 | Re-hits: 0
Update 94000/100000 | Loss: -0.0957 | Avg Turns/Game: 43.3 | Avg Reward: -64.03 | Re-hits: 0
Update 94100/100000 | Loss: -0.1731 | Avg Turns/Game: 43.1 | Avg Reward: -60.33 | Re-hits: 0
Update 94200/100000 | Loss: -0.1429 | Avg Turns/Game: 41.3 | Avg Reward: -49.50 | Re-hits: 0
Update 94300/100000 | Loss: -0.0436 | Avg Turns/Game: 42.6 | Avg Reward: -58.89 | Re-hits: 0
Update 94400/100000 | Loss: -0.0353 | Avg Turns/Game: 42.7 | Avg Reward: -56.77 | Re-hits: 0
Update 94500/100000 | Loss: -0.0322 | Avg Turns/Game: 42.8 | Avg Reward: -56.68 | Re-hits: 0
Update 94600/100000 | Loss: -0.0530 | Avg Turns/Game: 42.7 | Avg Reward: -58.91 | Re-hits: 0
Update 94700/100000 | Loss: -0.1548 | Avg Turns/Game: 41.8 | Avg Reward: -53.66 | Re-hits: 0
Update 94800/100000 | Loss: -0.0730 | Avg Turns/Game: 42.1 | Avg Reward: -59.71 | Re-hits: 0
Update 94900/100000 | Loss: 0.0240 | Avg Turns/Game: 44.1 | Avg Reward: -65.07 | Re-hits: 0
Update 95000/100000 | Loss: -0.1273 | Avg Turns/Game: 43.2 | Avg Reward: -64.97 | Re-hits: 0
Update 95100/100000 | Loss: -0.1028 | Avg Turns/Game: 43.0 | Avg Reward: -62.30 | Re-hits: 0
Update 95200/100000 | Loss: -0.0068 | Avg Turns/Game: 42.7 | Avg Reward: -56.31 | Re-hits: 0
Update 95300/100000 | Loss: -0.0681 | Avg Turns/Game: 41.3 | Avg Reward: -49.62 | Re-hits: 0
Update 95400/100000 | Loss: -0.1268 | Avg Turns/Game: 41.2 | Avg Reward: -54.47 | Re-hits: 0
Update 95500/100000 | Loss: -0.0356 | Avg Turns/Game: 42.5 | Avg Reward: -55.66 | Re-hits: 0
Update 95600/100000 | Loss: -0.0117 | Avg Turns/Game: 43.5 | Avg Reward: -59.92 | Re-hits: 0
Update 95700/100000 | Loss: -0.0956 | Avg Turns/Game: 41.6 | Avg Reward: -54.30 | Re-hits: 0
Update 95800/100000 | Loss: 0.2059 | Avg Turns/Game: 41.5 | Avg Reward: -53.45 | Re-hits: 0
Update 95900/100000 | Loss: -0.0241 | Avg Turns/Game: 44.1 | Avg Reward: -63.58 | Re-hits: 0
Update 96000/100000 | Loss: -0.0298 | Avg Turns/Game: 43.0 | Avg Reward: -58.81 | Re-hits: 0
Update 96100/100000 | Loss: 0.0357 | Avg Turns/Game: 40.4 | Avg Reward: -47.33 | Re-hits: 0
Update 96200/100000 | Loss: -0.1035 | Avg Turns/Game: 41.1 | Avg Reward: -49.62 | Re-hits: 0
Update 96300/100000 | Loss: -0.1546 | Avg Turns/Game: 42.2 | Avg Reward: -53.25 | Re-hits: 0
Update 96400/100000 | Loss: -0.1111 | Avg Turns/Game: 42.5 | Avg Reward: -58.32 | Re-hits: 0
Update 96500/100000 | Loss: -0.1469 | Avg Turns/Game: 44.6 | Avg Reward: -72.01 | Re-hits: 0
Update 96600/100000 | Loss: -0.0698 | Avg Turns/Game: 42.6 | Avg Reward: -57.77 | Re-hits: 0
Update 96700/100000 | Loss: -0.0184 | Avg Turns/Game: 42.6 | Avg Reward: -58.49 | Re-hits: 0
Update 96800/100000 | Loss: -0.0734 | Avg Turns/Game: 42.8 | Avg Reward: -58.76 | Re-hits: 0
Update 96900/100000 | Loss: 0.1133 | Avg Turns/Game: 41.0 | Avg Reward: -47.16 | Re-hits: 0
Update 97000/100000 | Loss: -0.1055 | Avg Turns/Game: 44.0 | Avg Reward: -66.55 | Re-hits: 0
Update 97100/100000 | Loss: -0.0724 | Avg Turns/Game: 42.9 | Avg Reward: -63.30 | Re-hits: 0
Update 97200/100000 | Loss: -0.0949 | Avg Turns/Game: 42.2 | Avg Reward: -58.08 | Re-hits: 0
Update 97300/100000 | Loss: -0.0322 | Avg Turns/Game: 42.6 | Avg Reward: -62.05 | Re-hits: 0
Update 97400/100000 | Loss: 0.0754 | Avg Turns/Game: 39.7 | Avg Reward: -43.18 | Re-hits: 0
Update 97500/100000 | Loss: -0.1256 | Avg Turns/Game: 41.9 | Avg Reward: -54.61 | Re-hits: 0
Update 97600/100000 | Loss: -0.0583 | Avg Turns/Game: 41.1 | Avg Reward: -53.05 | Re-hits: 0
Update 97700/100000 | Loss: -0.0172 | Avg Turns/Game: 40.8 | Avg Reward: -52.53 | Re-hits: 0
Update 97800/100000 | Loss: -0.0519 | Avg Turns/Game: 42.9 | Avg Reward: -60.55 | Re-hits: 0
Update 97900/100000 | Loss: 0.2043 | Avg Turns/Game: 42.3 | Avg Reward: -57.63 | Re-hits: 0
Update 98000/100000 | Loss: 0.0292 | Avg Turns/Game: 42.3 | Avg Reward: -56.99 | Re-hits: 0
Update 98100/100000 | Loss: -0.0762 | Avg Turns/Game: 41.4 | Avg Reward: -51.96 | Re-hits: 0
Update 98200/100000 | Loss: -0.0168 | Avg Turns/Game: 43.1 | Avg Reward: -60.01 | Re-hits: 0
Update 98300/100000 | Loss: -0.1309 | Avg Turns/Game: 42.6 | Avg Reward: -58.80 | Re-hits: 0
Update 98400/100000 | Loss: -0.0926 | Avg Turns/Game: 43.3 | Avg Reward: -68.02 | Re-hits: 0
Update 98500/100000 | Loss: -0.1733 | Avg Turns/Game: 42.0 | Avg Reward: -53.82 | Re-hits: 0
Update 98600/100000 | Loss: -0.0352 | Avg Turns/Game: 41.1 | Avg Reward: -47.99 | Re-hits: 0
Update 98700/100000 | Loss: 0.0114 | Avg Turns/Game: 44.2 | Avg Reward: -64.58 | Re-hits: 0
Update 98800/100000 | Loss: -0.0888 | Avg Turns/Game: 41.9 | Avg Reward: -56.19 | Re-hits: 0
Update 98900/100000 | Loss: 0.0615 | Avg Turns/Game: 42.6 | Avg Reward: -57.85 | Re-hits: 0
Update 99000/100000 | Loss: -0.0964 | Avg Turns/Game: 42.6 | Avg Reward: -59.54 | Re-hits: 0
Update 99100/100000 | Loss: -0.0596 | Avg Turns/Game: 42.4 | Avg Reward: -58.24 | Re-hits: 0
Update 99200/100000 | Loss: -0.1322 | Avg Turns/Game: 41.8 | Avg Reward: -50.95 | Re-hits: 0
Update 99300/100000 | Loss: -0.2275 | Avg Turns/Game: 42.3 | Avg Reward: -61.86 | Re-hits: 0
Update 99400/100000 | Loss: -0.0255 | Avg Turns/Game: 43.3 | Avg Reward: -59.71 | Re-hits: 0
Update 99500/100000 | Loss: -0.0908 | Avg Turns/Game: 41.8 | Avg Reward: -54.24 | Re-hits: 0
Update 99600/100000 | Loss: -0.0673 | Avg Turns/Game: 41.1 | Avg Reward: -49.65 | Re-hits: 0
Update 99700/100000 | Loss: -0.1188 | Avg Turns/Game: 43.0 | Avg Reward: -59.80 | Re-hits: 0
Update 99800/100000 | Loss: -0.0943 | Avg Turns/Game: 43.3 | Avg Reward: -60.83 | Re-hits: 0
Update 99900/100000 | Loss: -0.0614 | Avg Turns/Game: 42.4 | Avg Reward: -56.35 | Re-hits: 0
Training Complete!
Saved artifact at 'saved_model_dir'. The following endpoints are available:

* Endpoint 'serve'
  args_0 (POSITIONAL_ONLY): TensorSpec(shape=(None, 8, 8, 3), dtype=tf.float32, name='keras_tensor')
Output Type:
  TensorSpec(shape=(None, 64), dtype=tf.float32, name=None)
Captures:
  23443379975296: TensorSpec(shape=(), dtype=tf.resource, name=None)
  23443379972832: TensorSpec(shape=(), dtype=tf.resource, name=None)
  23443379975824: TensorSpec(shape=(), dtype=tf.resource, name=None)
  23443379976000: TensorSpec(shape=(), dtype=tf.resource, name=None)
  23443379975120: TensorSpec(shape=(), dtype=tf.resource, name=None)
  23443379976176: TensorSpec(shape=(), dtype=tf.resource, name=None)
  23443379976704: TensorSpec(shape=(), dtype=tf.resource, name=None)
  23443379977232: TensorSpec(shape=(), dtype=tf.resource, name=None)
  23443379976880: TensorSpec(shape=(), dtype=tf.resource, name=None)
  23443379977760: TensorSpec(shape=(), dtype=tf.resource, name=None)
New INT8 model size: 92.6 KB
---------------------------------------
Begin Slurm Epilog: Apr-17-2026 01:43:16
Job ID:        4907821
User ID:       rsiddique32
Account:       ece
Job name:      GAT_1
Resources:     cpu=32,gres/gpu:h200=1,mem=224G,node=1
Rsrc Used:     cput=05:00:48,vmem=0,walltime=00:09:24,mem=1354464K,energy_used=0
Partition:     coe-gpu
QOS:           coe-ice
Nodes:         atl1-1-03-014-9-0
---------------------------------------
